// ???? pid
andrey@andrey-H81H3-M3:~/projects/job4j_tracker$ jps
2273 Main
10022 Jps
9144 Launcher
9149 StartUI
3853 RemoteMavenServer36

// ?????????? ? ?????????? ????????? ???????? ? ?????????? ??? ??????
// ?????????? ????????? ???????? - 113275
// ????? ?????? ????????? ???????? - 12276800
andrey@andrey-H81H3-M3:~/projects/job4j_tracker$ jmap -histo 9149
num     #instances         #bytes  class name (module)
-------------------------------------------------------
1:          1848        5710192  [I (java.base@17.0.9)
2:         24164        2206224  [B (java.base@17.0.9)
3:           820         916352  [C (java.base@17.0.9)
4:         21120         506880  java.lang.String (java.base@17.0.9)
5:          6057         354392  [Ljava.lang.Object; (java.base@17.0.9)
6:          2825         343752  java.lang.Class (java.base@17.0.9)
7:          7185         229920  java.util.HashMap$Node (java.base@17.0.9)
8:          5051         161632  java.util.concurrent.ConcurrentHashMap$Node (java.base@17.0.9)
9:          1684         148192  java.lang.reflect.Method (java.base@17.0.9)
10:           972         120016  [Ljava.util.HashMap$Node; (java.base@17.0.9)
11:          2616          61048  [Ljava.lang.Class; (java.base@17.0.9)
12:           130          59296  [Ljava.util.concurrent.ConcurrentHashMap$Node; (java.base@17.0.9)
13:          1189          57072  java.util.HashMap (java.base@17.0.9)
14:          1702          56960  [Ljava.lang.String; (java.base@17.0.9)
15:           452          54240  java.io.ObjectStreamClass (java.base@17.0.9)
16:          1195          47800  java.util.LinkedHashMap$Entry (java.base@17.0.9)
17:           533          34112  java.util.concurrent.ConcurrentHashMap (java.base@17.0.9)
18:           461          33192  java.lang.reflect.Field (java.base@17.0.9)
19:           442          31824  java.lang.reflect.Constructor (java.base@17.0.9)
20:           765          30600  java.util.TreeMap$Entry (java.base@17.0.9)
21:          1259          30216  java.lang.Long (java.base@17.0.9)
22:             7          28784  [Ljava.nio.ByteBuffer; (java.base@17.0.9)
23:           565          27120  java.lang.invoke.MemberName (java.base@17.0.9)
24:           197          26976  [J (java.base@17.0.9)
25:           645          25800  java.lang.invoke.MethodType (java.base@17.0.9)
26:           396          25344  java.lang.Class$ReflectionData (java.base@17.0.9)
27:           297          23760  jdk.internal.event.DeserializationEvent (java.base@17.0.9)
28:           288          21888  [Ljava.lang.ref.SoftReference; (java.base@17.0.9)
29:           527          21080  java.lang.ref.SoftReference (java.base@17.0.9)
30:           637          20384  java.lang.invoke.MethodType$ConcurrentWeakInternSet$WeakEntry (java.base@17.0.9)
31:           559          17888  java.lang.invoke.LambdaForm$Name (java.base@17.0.9)
32:           735          17640  java.lang.StringBuilder (java.base@17.0.9)
33:           733          17592  java.lang.module.ModuleDescriptor$Exports (java.base@17.0.9)
34:           258          14448  java.lang.Module (java.base@17.0.9)
35:           365          11952  [Ljavax.management.ObjectName$Property; (java.management@17.0.9)
36:           726          11616  java.lang.Object (java.base@17.0.9)
37:           476          11424  java.util.ImmutableCollections$Set12 (java.base@17.0.9)
38:           181          10936  [Ljava.lang.reflect.Method; (java.base@17.0.9)
39:           341          10912  jdk.internal.math.FDBigInteger (java.base@17.0.9)
40:           450          10800  java.lang.invoke.ResolvedMethodName (java.base@17.0.9)
41:           132          10560  java.net.URI (java.base@17.0.9)
42:           262          10480  java.io.DataOutputStream (java.base@17.0.9)
43:           317          10144  java.lang.ref.WeakReference (java.base@17.0.9)
44:           413           9912  java.util.ArrayList (java.base@17.0.9)
45:           300           9600  java.lang.module.ModuleDescriptor$Requires (java.base@17.0.9)
46:           200           9600  java.util.TreeMap (java.base@17.0.9)
47:           240           9600  java.util.WeakHashMap$Entry (java.base@17.0.9)
48:           118           9440  jdk.internal.reflect.DelegatingClassLoader (java.base@17.0.9)
49:           384           9216  javax.management.Attribute (java.management@17.0.9)
50:           571           9136  java.util.HashSet (java.base@17.0.9)
51:           373           8952  java.io.SerialCallbackContext (java.base@17.0.9)
52:           214           8560  java.io.ObjectOutputStream$HandleTable (java.base@17.0.9)
53:           133           8512  java.lang.module.ModuleDescriptor (java.base@17.0.9)
54:            96           8480  [Ljava.util.WeakHashMap$Entry; (java.base@17.0.9)
55:           262           8384  sun.security.util.KnownOIDs (java.base@17.0.9)
56:            58           8232  [Ljava.lang.ClassValue$Entry; (java.base@17.0.9)
57:            38           8168  [Ljava.lang.invoke.MethodHandle; (java.base@17.0.9)
58:           247           7904  java.util.TreeMap$KeyIterator (java.base@17.0.9)
59:           193           7720  java.io.ObjectStreamField (java.base@17.0.9)
60:           105           7560  sun.rmi.transport.ConnectionInputStream (java.rmi@17.0.9)
61:           132           7392  jdk.internal.module.ModuleReferenceImpl (java.base@17.0.9)
62:           117           7128  [Ljava.io.ObjectInputStream$HandleTable$HandleList; (java.base@17.0.9)
63:           219           7008  java.rmi.server.UID (java.rmi@17.0.9)
64:           107           6848  sun.rmi.transport.ConnectionOutputStream (java.rmi@17.0.9)
65:           288           6752  [Ljava.lang.reflect.Constructor; (java.base@17.0.9)
66:           139           6672  java.lang.invoke.LambdaForm (java.base@17.0.9)
67:           144           6656  [Ljava.lang.invoke.LambdaForm$Name; (java.base@17.0.9)
68:            18           6624  java.lang.Thread (java.base@17.0.9)
69:           207           6624  jdk.internal.reflect.NativeConstructorAccessorImpl (java.base@17.0.9)
70:           267           6408  java.util.ImmutableCollections$SetN (java.base@17.0.9)
71:           196           6272  java.lang.invoke.DirectMethodHandle (java.base@17.0.9)
72:            78           6176  [S (java.base@17.0.9)
73:           254           6096  javax.management.ImmutableDescriptor (java.management@17.0.9)
74:           248           5952  jdk.internal.module.ServicesCatalog$ServiceProvider (java.base@17.0.9)
75:           105           5880  java.io.ObjectInputStream$BlockDataInputStream (java.base@17.0.9)
76:           174           5568  java.util.TreeMap$EntryIterator (java.base@17.0.9)
77:           227           5448  java.io.ObjectStreamClass$FieldReflectorKey (java.base@17.0.9)
78:           136           5440  java.security.ProtectionDomain (java.base@17.0.9)
79:           132           5280  java.security.CodeSource (java.base@17.0.9)
80:           163           5216  java.lang.invoke.MethodTypeForm (java.base@17.0.9)
81:           216           5184  javax.management.ObjectName$Property (java.management@17.0.9)
82:            90           5040  java.nio.HeapByteBuffer (java.base@17.0.9)
83:           157           5024  com.sun.jmx.mbeanserver.ConvertingMethod (java.management@17.0.9)
84:           300           4800  java.lang.Integer (java.base@17.0.9)
85:           185           4440  java.util.ImmutableCollections$List12 (java.base@17.0.9)
86:           107           4280  java.io.ObjectOutputStream$BlockDataOutputStream (java.base@17.0.9)
87:           107           4280  java.util.HashMap$ValueIterator (java.base@17.0.9)
88:           107           4280  sun.rmi.transport.StreamRemoteCall (java.rmi@17.0.9)
89:           133           4256  javax.management.ObjectName (java.management@17.0.9)
90:           129           4128  jdk.internal.loader.NativeLibraries (java.base@17.0.9)
91:           257           4112  java.lang.Byte (java.base@17.0.9)
92:           256           4096  java.lang.Short (java.base@17.0.9)
93:           165           3960  java.lang.invoke.LambdaForm$NamedFunction (java.base@17.0.9)
94:           164           3936  javax.management.openmbean.CompositeDataSupport (java.management@17.0.9)
95:           122           3904  java.lang.ref.ReferenceQueue (java.base@17.0.9)
96:           122           3904  jdk.internal.loader.BuiltinClassLoader$LoadedModule (java.base@17.0.9)
97:           158           3792  java.util.Collections$UnmodifiableCollection$1 (java.base@17.0.9)
98:            77           3696  java.lang.management.MemoryUsage (java.management@17.0.9)
99:            57           3648  java.lang.ClassValue$ClassValueMap (java.base@17.0.9)
100:           114           3648  java.lang.invoke.BoundMethodHandle$Species_L (java.base@17.0.9)
101:            76           3648  jdk.internal.ref.CleanerImpl$PhantomCleanableRef (java.base@17.0.9)
102:            90           3600  java.math.BigInteger (java.base@17.0.9)
103:           111           3552  java.io.DataInputStream (java.base@17.0.9)
104:           144           3456  java.io.ObjectStreamClass$ClassDataSlot (java.base@17.0.9)
105:            85           3400  java.io.ClassCache$CacheRef (java.base@17.0.9)
106:            53           3392  java.security.Provider$Service (java.base@17.0.9)
107:           212           3392  sun.rmi.transport.Transport$$Lambda$123/0x00007f1c100a20a0 (java.rmi@17.0.9)
108:           105           3360  java.io.ObjectInputStream$HandleTable (java.base@17.0.9)
109:           105           3360  java.io.ObjectInputStream$PeekInputStream (java.base@17.0.9)
110:           105           3360  sun.rmi.transport.Transport$1 (java.rmi@17.0.9)
111:           168           3352  [Lcom.sun.jmx.mbeanserver.MXBeanMapping; (java.management@17.0.9)
112:           209           3344  jdk.internal.reflect.DelegatingConstructorAccessorImpl (java.base@17.0.9)
113:            80           3200  com.sun.management.internal.DiagnosticCommandArgumentInfo (jdk.management@17.0.9)
114:           100           3200  javax.management.AttributeList (java.management@17.0.9)
115:            99           3168  java.io.ObjectInputStream$FieldValues (java.base@17.0.9)
116:           132           3168  jdk.internal.module.SystemModuleFinders$2 (java.base@17.0.9)
117:            49           3136  javax.management.openmbean.OpenMBeanAttributeInfoSupport (java.management@17.0.9)
118:           130           3120  java.time.LocalDateTime (java.base@17.0.9)
119:           126           3048  [Ljava.io.ObjectStreamClass$ClassDataSlot; (java.base@17.0.9)
120:            42           3024  sun.nio.ch.FileChannelImpl (java.base@17.0.9)
121:           125           3000  java.security.Provider$ServiceKey (java.base@17.0.9)
122:           124           2976  java.lang.module.ResolvedModule (java.base@17.0.9)
123:           122           2928  java.util.concurrent.CopyOnWriteArrayList (java.base@17.0.9)
124:            55           2912  [Ljavax.management.MBeanAttributeInfo; (java.management@17.0.9)
125:           121           2904  java.lang.module.ModuleDescriptor$Provides (java.base@17.0.9)
126:            90           2880  java.lang.ClassValue$Entry (java.base@17.0.9)
127:            69           2824  [Ljava.lang.reflect.Field; (java.base@17.0.9)
128:           171           2736  java.util.TreeMap$KeySet (java.base@17.0.9)
129:            66           2640  java.io.FileDescriptor (java.base@17.0.9)
130:           109           2616  java.rmi.server.ObjID (java.rmi@17.0.9)
131:           109           2616  sun.rmi.transport.ObjectEndpoint (java.rmi@17.0.9)
132:            54           2592  javax.management.MBeanInfo (java.management@17.0.9)
133:           107           2568  java.io.ObjectOutputStream$ReplaceTable (java.base@17.0.9)
134:            45           2520  java.nio.HeapCharBuffer (java.base@17.0.9)
135:           105           2520  javax.management.remote.rmi.RMIConnectionImpl$PrivilegedOperation (java.management.rmi@17.0.9)
136:           103           2472  [[C (java.base@17.0.9)
137:            50           2400  java.util.logging.LogManager$LoggerWeakRef (java.logging@17.0.9)
138:            99           2376  [Ljava.io.ObjectInputStream$FieldValues; (java.base@17.0.9)
139:            99           2376  java.util.Arrays$ArrayList (java.base@17.0.9)
140:            81           2264  [Ljava.io.ObjectStreamField; (java.base@17.0.9)
141:           136           2176  [Ljava.security.Principal; (java.base@17.0.9)
142:            68           2176  java.lang.invoke.LambdaForm$Kind (java.base@17.0.9)
143:           136           2176  java.security.ProtectionDomain$Key (java.base@17.0.9)
144:            45           2160  com.sun.management.internal.DiagnosticCommandInfo (jdk.management@17.0.9)
145:            54           2160  java.lang.invoke.BoundMethodHandle$Species_LL (java.base@17.0.9)
146:            67           2144  javax.management.MBeanAttributeInfo (java.management@17.0.9)
147:            44           2112  java.lang.invoke.LambdaFormEditor$Transform (java.base@17.0.9)
148:            44           2112  sun.nio.cs.StreamDecoder (java.base@17.0.9)
149:            65           2080  sun.nio.fs.UnixPath (java.base@17.0.9)
150:            43           2064  java.io.BufferedReader (java.base@17.0.9)
151:           128           2048  java.lang.Character (java.base@17.0.9)
152:           126           2016  jdk.internal.module.SystemModuleFinders$3 (java.base@17.0.9)
153:           124           1984  java.lang.ref.ReferenceQueue$Lock (java.base@17.0.9)
154:           117           1872  java.util.HashMap$Values (java.base@17.0.9)
155:            36           1728  java.util.WeakHashMap (java.base@17.0.9)
156:            54           1728  java.util.logging.LogManager$LogNode (java.logging@17.0.9)
157:            43           1720  sun.nio.cs.UTF_8$Decoder (java.base@17.0.9)
158:           107           1712  sun.rmi.server.MarshalOutputStream$1 (java.rmi@17.0.9)
159:           105           1680  java.io.ObjectInputStream$ValidationList (java.base@17.0.9)
160:            42           1680  java.lang.invoke.DirectMethodHandle$Constructor (java.base@17.0.9)
161:            70           1680  java.time.LocalDate (java.base@17.0.9)
162:            66           1584  java.security.Provider$UString (java.base@17.0.9)
163:            33           1584  java.time.temporal.ValueRange (java.base@17.0.9)
164:            24           1536  java.net.URL (java.base@17.0.9)
165:            96           1536  jdk.internal.reflect.DelegatingMethodAccessorImpl (java.base@17.0.9)
166:            38           1520  javax.management.MBeanOperationInfo (java.management@17.0.9)
167:            63           1512  sun.reflect.generics.tree.SimpleClassTypeSignature (java.base@17.0.9)
168:            62           1488  jdk.internal.module.SystemModuleFinders$SystemModuleReader (java.base@17.0.9)
169:            45           1440  com.sun.management.internal.DiagnosticCommandImpl$Wrapper (jdk.management@17.0.9)
170:             1           1424  [[B (java.base@17.0.9)
171:            11           1408  sun.nio.fs.UnixFileAttributes (java.base@17.0.9)
172:             1           1376  [Ljdk.internal.math.FDBigInteger; (java.base@17.0.9)
173:             6           1376  [Z (java.base@17.0.9)
174:            57           1368  java.util.Collections$UnmodifiableRandomAccessList (java.base@17.0.9)
175:            42           1344  javax.management.MBeanParameterInfo (java.management@17.0.9)
176:            42           1344  sun.nio.ch.ChannelInputStream (java.base@17.0.9)
177:            45           1336  [Ljavax.management.MBeanOperationInfo; (java.management@17.0.9)
178:            32           1280  java.security.AccessControlContext (java.base@17.0.9)
179:            78           1248  java.util.TreeMap$EntrySet (java.base@17.0.9)
180:            39           1248  jdk.internal.reflect.UnsafeQualifiedStaticLongFieldAccessorImpl (java.base@17.0.9)
181:            22           1232  java.util.LinkedHashMap (java.base@17.0.9)
182:            30           1200  java.lang.invoke.DirectMethodHandle$Accessor (java.base@17.0.9)
183:            30           1200  java.time.temporal.ChronoField (java.base@17.0.9)
184:            38           1184  [Ljava.math.BigInteger; (java.base@17.0.9)
185:            63           1176  [Lsun.reflect.generics.tree.TypeArgument; (java.base@17.0.9)
186:            29           1160  java.io.ObjectStreamClass$FieldReflector (java.base@17.0.9)
187:             8           1152  [Ljava.lang.invoke.MemberName; (java.base@17.0.9)
188:            11           1144  java.util.jar.JarFile$JarFileEntry (java.base@17.0.9)
189:            28           1120  java.lang.invoke.MethodHandleImpl$AsVarargsCollector (java.base@17.0.9)
190:             1           1104  [Lsun.security.util.KnownOIDs; (java.base@17.0.9)
191:            46           1104  java.util.ImmutableCollections$ListN (java.base@17.0.9)
192:            45           1096  [Lcom.sun.management.internal.DiagnosticCommandArgumentInfo; (jdk.management@17.0.9)
193:            34           1088  java.lang.ThreadLocal$ThreadLocalMap$Entry (java.base@17.0.9)
194:            68           1088  java.util.HashMap$KeySet (java.base@17.0.9)
195:             2           1064  [Ljava.lang.Integer; (java.base@17.0.9)
196:            44           1056  java.io.InputStreamReader (java.base@17.0.9)
197:             1           1040  [Ljava.lang.Byte; (java.base@17.0.9)
198:             1           1040  [Ljava.lang.Long; (java.base@17.0.9)
199:             1           1040  [Ljava.lang.Short; (java.base@17.0.9)
200:            42           1008  jdk.internal.platform.CgroupUtil$$Lambda$131/0x00007f1c100b7fc8 (java.base@17.0.9)
201:            42           1008  sun.nio.ch.NativeThreadSet (java.base@17.0.9)
202:            42           1008  sun.nio.fs.UnixChannelFactory$Flags (java.base@17.0.9)
203:            31            992  java.lang.invoke.VarHandle$AccessMode (java.base@17.0.9)
204:            62            992  sun.reflect.generics.tree.ClassTypeSignature (java.base@17.0.9)
205:            41            984  com.sun.jmx.mbeanserver.PerInterface$MethodAndSig (java.management@17.0.9)
206:            24            960  com.sun.jmx.mbeanserver.MXBeanSupport (java.management@17.0.9)
207:            40            960  java.lang.management.ManagementPermission (java.management@17.0.9)
208:            24            960  java.lang.reflect.InvocationTargetException (java.base@17.0.9)
209:            30            960  java.security.Provider$EngineDescription (java.base@17.0.9)
210:            17            952  javax.management.openmbean.CompositeType (java.management@17.0.9)
211:            28            944  [Ljava.time.format.DateTimeFormatterBuilder$DateTimePrinterParser; (java.base@17.0.9)
212:            29            928  java.util.Locale (java.base@17.0.9)
213:            29            928  sun.util.locale.BaseLocale (java.base@17.0.9)
214:            19            912  javax.management.openmbean.ArrayType (java.management@17.0.9)
215:            37            904  [Ljavax.management.MBeanParameterInfo; (java.management@17.0.9)
216:            14            896  java.nio.DirectByteBuffer (java.base@17.0.9)
217:            16            896  java.util.logging.Logger (java.logging@17.0.9)
218:            37            888  java.util.Arrays$ArrayItr (java.base@17.0.9)
219:            11            880  java.util.zip.ZipFile$Source (java.base@17.0.9)
220:            21            840  sun.util.locale.LocaleObjectCache$CacheEntry (java.base@17.0.9)
221:            25            800  com.sun.jmx.mbeanserver.WeakIdentityHashMap$IdentityWeakReference (java.management@17.0.9)
222:            20            800  java.lang.invoke.BoundMethodHandle$Species_LJ (java.base@17.0.9)
223:            14            784  javax.management.openmbean.OpenMBeanParameterInfoSupport (java.management@17.0.9)
224:            32            768  com.sun.jmx.mbeanserver.DefaultMXBeanMappingFactory$IdentityMapping (java.management@17.0.9)
225:            24            768  java.time.format.DateTimeFormatterBuilder$NumberPrinterParser (java.base@17.0.9)
226:            19            760  java.lang.invoke.VarHandle$AccessDescriptor (java.base@17.0.9)
227:            47            752  java.util.HashMap$EntrySet (java.base@17.0.9)
228:            23            736  sun.management.MappedMXBeanType$BasicMXBeanType (java.management@17.0.9)
229:            13            728  java.io.FileCleanable (java.base@17.0.9)
230:             9            720  [Ljava.lang.ThreadLocal$ThreadLocalMap$Entry; (java.base@17.0.9)
231:            18            720  sun.reflect.generics.repository.MethodRepository (java.base@17.0.9)
232:            31            688  [Ljava.lang.reflect.Type; (java.base@17.0.9)
233:            43            688  [Ljava.nio.file.attribute.FileAttribute; (java.base@17.0.9)
234:             7            680  [D (java.base@17.0.9)
235:            17            680  java.util.logging.Logger$ConfigurationData (java.logging@17.0.9)
236:            42            672  [Ljava.nio.file.OpenOption; (java.base@17.0.9)
237:            28            672  java.time.format.DateTimeFormatterBuilder$CompositePrinterParser (java.base@17.0.9)
238:            42            672  sun.nio.ch.FileChannelImpl$Closer (java.base@17.0.9)
239:            42            672  sun.nio.ch.FileDispatcherImpl (java.base@17.0.9)
240:            41            656  jdk.internal.reflect.BootstrapConstructorAccessorImpl (java.base@17.0.9)
241:            27            648  java.util.Collections$SingletonList (java.base@17.0.9)
242:            27            648  java.util.jar.Attributes$Name (java.base@17.0.9)
243:            16            640  java.time.format.DateTimeFormatter (java.base@17.0.9)
244:            20            640  java.util.concurrent.locks.ReentrantLock$NonfairSync (java.base@17.0.9)
245:            10            640  java.util.zip.Inflater (java.base@17.0.9)
246:             8            640  sun.nio.ch.NioSocketImpl (java.base@17.0.9)
247:             3            624  [Ljava.lang.invoke.LambdaForm; (java.base@17.0.9)
248:            26            624  com.sun.jmx.mbeanserver.NamedObject (java.management@17.0.9)
249:            26            624  java.time.LocalTime (java.base@17.0.9)
250:            11            616  java.util.jar.JarFile (java.base@17.0.9)
251:            38            608  java.lang.constant.ReferenceClassDescImpl (java.base@17.0.9)
252:            19            608  jdk.internal.reflect.NativeMethodAccessorImpl (java.base@17.0.9)
253:            10            592  [Ljava.lang.Thread; (java.base@17.0.9)
254:            18            576  java.net.InetAddress$InetAddressHolder (java.base@17.0.9)
255:            24            576  java.time.Duration (java.base@17.0.9)
256:            18            576  sun.reflect.generics.tree.MethodTypeSignature (java.base@17.0.9)
257:             7            560  java.util.concurrent.TimeUnit (java.base@17.0.9)
258:            14            560  javax.management.openmbean.SimpleType (java.management@17.0.9)
259:            10            560  sun.invoke.util.Wrapper (java.base@17.0.9)
260:            23            552  java.lang.invoke.Invokers (java.base@17.0.9)
261:             2            544  [Ljava.time.LocalDateTime; (java.base@17.0.9)
262:            17            544  java.io.File (java.base@17.0.9)
263:             1            528  [Ljava.lang.Character; (java.base@17.0.9)
264:            11            528  com.sun.jmx.mbeanserver.DefaultMXBeanMappingFactory$CompositeMapping (java.management@17.0.9)
265:             6            528  java.util.regex.Pattern (java.base@17.0.9)
266:            11            528  jdk.internal.loader.URLClassPath$JarLoader (java.base@17.0.9)
267:            13            520  com.sun.jmx.mbeanserver.PerInterface (java.management@17.0.9)
268:            13            520  java.lang.invoke.VarHandleReferences$FieldInstanceReadWrite (java.base@17.0.9)
269:            16            512  java.time.temporal.ChronoUnit (java.base@17.0.9)
270:            21            504  java.util.AbstractMap$SimpleImmutableEntry (java.base@17.0.9)
271:            21            504  sun.reflect.generics.factory.CoreReflectionFactory (java.base@17.0.9)
272:             7            496  [Lsun.invoke.util.Wrapper; (java.base@17.0.9)
273:            20            480  java.lang.Class$AnnotationData (java.base@17.0.9)
274:            12            480  java.lang.OutOfMemoryError (java.base@17.0.9)
275:            20            480  java.lang.RuntimePermission (java.base@17.0.9)
276:            12            480  java.lang.UnsupportedOperationException (java.base@17.0.9)
277:            20            480  java.util.Collections$SetFromMap (java.base@17.0.9)
278:            12            480  java.util.IdentityHashMap (java.base@17.0.9)
279:            20            480  sun.nio.ch.SocketOptionRegistry$RegistryKey (java.base@17.0.9)
280:            11            472  [Ljava.lang.invoke.MethodType; (java.base@17.0.9)
281:            19            456  sun.reflect.generics.reflectiveObjects.ParameterizedTypeImpl (java.base@17.0.9)
282:            25            448  [Lsun.reflect.generics.tree.FieldTypeSignature; (java.base@17.0.9)
283:            14            448  jdk.jfr.internal.LogTag (jdk.jfr@17.0.9)
284:             8            448  sun.management.MemoryPoolImpl (java.management@17.0.9)
285:            20            440  [Ljavax.management.MBeanNotificationInfo; (java.management@17.0.9)
286:             1            432  [[[C (java.base@17.0.9)
287:             9            432  java.lang.invoke.BoundMethodHandle$SpeciesData (java.base@17.0.9)
288:             9            432  java.lang.invoke.BoundMethodHandle$Species_LLLL (java.base@17.0.9)
289:            18            432  javax.management.StandardMBean (java.management@17.0.9)
290:            18            432  sun.reflect.generics.scope.MethodScope (java.base@17.0.9)
291:            17            408  java.io.ObjectStreamClass$ExceptionInfo (java.base@17.0.9)
292:            17            408  sun.nio.ch.OptionKey (java.base@17.0.9)
293:            12            400  [Ljava.lang.constant.ClassDesc; (java.base@17.0.9)
294:             7            392  java.lang.invoke.BoundMethodHandle$Species_LLLLLLL (java.base@17.0.9)
295:            16            384  java.net.Inet4Address (java.base@17.0.9)
296:             8            384  java.util.Hashtable (java.base@17.0.9)
297:            16            384  sun.management.MemoryUsageCompositeData (java.management@17.0.9)
298:            12            384  sun.security.jca.ProviderConfig (java.base@17.0.9)
299:            22            376  [Lsun.reflect.generics.tree.FormalTypeParameter; (java.base@17.0.9)
300:             1            376  com.intellij.rt.execution.application.AppMainV2$1
301:             1            376  java.lang.ref.Finalizer$FinalizerThread (java.base@17.0.9)
302:             1            376  java.util.logging.LogManager$Cleaner (java.logging@17.0.9)
303:             1            376  jdk.internal.misc.InnocuousThread (java.base@17.0.9)
304:             1            368  java.lang.ref.Reference$ReferenceHandler (java.base@17.0.9)
305:            23            368  java.time.format.DateTimeFormatterBuilder$CharLiteralPrinterParser (java.base@17.0.9)
306:             9            360  [Ljava.lang.invoke.BoundMethodHandle$SpeciesData; (java.base@17.0.9)
307:             8            360  [Ljava.util.Hashtable$Entry; (java.base@17.0.9)
308:            11            352  java.io.RandomAccessFile (java.base@17.0.9)
309:            11            352  java.lang.constant.DirectMethodHandleDesc$Kind (java.base@17.0.9)
310:            11            352  java.util.zip.ZipFile$CleanableResource (java.base@17.0.9)
311:            11            352  jdk.internal.reflect.UnsafeQualifiedStaticObjectFieldAccessorImpl (java.base@17.0.9)
312:             6            336  java.nio.DirectLongBufferU (java.base@17.0.9)
313:            21            336  java.util.Collections$UnmodifiableSet (java.base@17.0.9)
314:             6            336  java.util.Properties (java.base@17.0.9)
315:            14            336  java.util.concurrent.ConcurrentSkipListMap$Node (java.base@17.0.9)
316:             2            328  [Ljava.time.ZoneOffset; (java.base@17.0.9)
317:            18            328  [Lsun.reflect.generics.tree.TypeSignature; (java.base@17.0.9)
318:            10            320  java.lang.constant.DirectMethodHandleDescImpl (java.base@17.0.9)
319:            20            320  java.util.concurrent.locks.ReentrantLock (java.base@17.0.9)
320:             8            320  jdk.internal.loader.NativeLibraries$NativeLibraryImpl (java.base@17.0.9)
321:            10            320  jdk.internal.logger.LazyLoggers$LazyLoggerAccessor (java.base@17.0.9)
322:             8            320  sun.management.MemoryPoolImpl$CollectionSensor (java.management@17.0.9)
323:             8            320  sun.management.MemoryPoolImpl$PoolSensor (java.management@17.0.9)
324:             8            320  sun.rmi.transport.tcp.TCPEndpoint (java.rmi@17.0.9)
325:            10            320  sun.util.locale.BaseLocale$Key (java.base@17.0.9)
326:             8            320  sun.util.resources.Bundles$BundleReference (java.base@17.0.9)
327:            17            312  [Ljavax.management.MBeanConstructorInfo; (java.management@17.0.9)
328:            13            312  java.util.ArrayDeque (java.base@17.0.9)
329:             1            288  [Ljava.lang.invoke.LambdaForm$Kind; (java.base@17.0.9)
330:            12            288  com.sun.jmx.remote.util.ClassLogger (java.management@17.0.9)
331:             9            288  java.lang.constant.PrimitiveClassDescImpl (java.base@17.0.9)
332:            12            288  java.net.StandardSocketOptions$StdSocketOption (java.base@17.0.9)
333:             9            288  java.util.Hashtable$Entry (java.base@17.0.9)
334:             6            288  java.util.concurrent.ThreadPoolExecutor$Worker (java.base@17.0.9)
335:            12            288  java.util.concurrent.atomic.AtomicLong (java.base@17.0.9)
336:             9            288  java.util.logging.Level (java.logging@17.0.9)
337:             9            288  java.util.logging.Level$KnownLevel (java.logging@17.0.9)
338:            12            288  java.util.regex.Pattern$CharPropertyGreedy (java.base@17.0.9)
339:             9            288  javax.management.MBeanNotificationInfo (java.management@17.0.9)
340:             9            288  jdk.internal.org.objectweb.asm.Type (java.base@17.0.9)
341:             7            280  java.lang.invoke.DirectMethodHandle$Interface (java.base@17.0.9)
342:             7            280  java.net.InetAddress$CachedAddresses (java.base@17.0.9)
343:             7            280  java.net.Socket (java.base@17.0.9)
344:             7            280  jdk.internal.ref.Cleaner (java.base@17.0.9)
345:             5            280  sun.util.calendar.ZoneInfo (java.base@17.0.9)
346:            11            264  java.lang.invoke.MethodHandleImpl$Intrinsic (java.base@17.0.9)
347:            11            264  java.util.regex.Pattern$BmpCharPropertyGreedy (java.base@17.0.9)
348:            11            264  java.util.zip.ZipFile$Source$Key (java.base@17.0.9)
349:             8            256  java.lang.invoke.VarForm (java.base@17.0.9)
350:             8            256  java.lang.reflect.ProxyGenerator$PrimitiveTypeInfo (java.base@17.0.9)
351:            16            256  java.util.Collections$UnmodifiableMap$UnmodifiableEntrySet$UnmodifiableEntry (java.base@17.0.9)
352:             8            256  java.util.ImmutableCollections$MapN (java.base@17.0.9)
353:             8            256  sun.util.resources.Bundles$CacheKey (java.base@17.0.9)
354:             5            240  [Ljava.lang.invoke.LambdaForm$NamedFunction; (java.base@17.0.9)
355:            10            240  [Ljava.net.InetAddress; (java.base@17.0.9)
356:            10            240  java.lang.constant.MethodTypeDescImpl (java.base@17.0.9)
357:             5            240  java.lang.invoke.BoundMethodHandle$Species_LLLLL (java.base@17.0.9)
358:            10            240  java.nio.charset.CoderResult (java.base@17.0.9)
359:            10            240  java.nio.file.StandardOpenOption (java.base@17.0.9)
360:             6            240  java.util.EnumMap (java.base@17.0.9)
361:            10            240  java.util.regex.Pattern$GroupHead (java.base@17.0.9)
362:            10            240  java.util.regex.Pattern$GroupTail (java.base@17.0.9)
363:             6            240  java.util.stream.StreamOpFlag (java.base@17.0.9)
364:            10            240  java.util.zip.Inflater$InflaterZStreamRef (java.base@17.0.9)
365:            13            224  [Ljava.lang.constant.ConstantDesc; (java.base@17.0.9)
366:             7            224  java.lang.invoke.MethodHandles$Lookup (java.base@17.0.9)
367:             7            224  java.nio.DirectByteBuffer$Deallocator (java.base@17.0.9)
368:            14            224  java.util.Collections$SingletonSet (java.base@17.0.9)
369:             7            224  java.util.Collections$UnmodifiableMap (java.base@17.0.9)
370:             7            224  java.util.regex.Pattern$Branch (java.base@17.0.9)
371:            14            224  sun.util.logging.internal.LoggingProviderImpl$JULWrapper (java.logging@17.0.9)
372:             9            216  com.sun.jmx.interceptor.DefaultMBeanServerInterceptor$ListenerWrapper (java.management@17.0.9)
373:             9            216  java.lang.ThreadLocal$ThreadLocalMap (java.base@17.0.9)
374:             9            216  sun.rmi.runtime.Log$LoggerLog (java.rmi@17.0.9)
375:             3            216  sun.security.provider.NativePRNG$RandomIO (java.base@17.0.9)
376:             9            216  sun.util.logging.PlatformLogger$Level (java.base@17.0.9)
377:             2            208  jdk.internal.loader.ClassLoaders$AppClassLoader (java.base@17.0.9)
378:             2            208  jdk.internal.loader.ClassLoaders$BootClassLoader (java.base@17.0.9)
379:             2            208  jdk.internal.loader.ClassLoaders$PlatformClassLoader (java.base@17.0.9)
380:             5            200  java.lang.WeakPairMap$Pair$Weak (java.base@17.0.9)
381:             5            200  sun.rmi.transport.tcp.TCPTransport$ConnectionHandler (java.rmi@17.0.9)
382:             5            200  sun.util.locale.provider.LocaleResources$ResourceReference (java.base@17.0.9)
383:             6            192  com.sun.jmx.mbeanserver.DefaultMXBeanMappingFactory$CollectionMapping (java.management@17.0.9)
384:             4            192  java.lang.ThreadGroup (java.base@17.0.9)
385:             6            192  java.lang.invoke.LambdaForm$BasicType (java.base@17.0.9)
386:             8            192  java.lang.module.ModuleDescriptor$Opens (java.base@17.0.9)
387:             8            192  java.math.RoundingMode (java.base@17.0.9)
388:             8            192  java.net.NetPermission (java.base@17.0.9)
389:             3            192  java.nio.DirectByteBufferR (java.base@17.0.9)
390:             8            192  java.time.ZoneOffset (java.base@17.0.9)
391:             6            192  java.time.format.TextStyle (java.base@17.0.9)
392:             6            192  java.util.ArrayList$Itr (java.base@17.0.9)
393:             8            192  java.util.LinkedList$Node (java.base@17.0.9)
394:             6            192  java.util.RegularEnumSet (java.base@17.0.9)
395:            12            192  java.util.WeakHashMap$KeySet (java.base@17.0.9)
396:             6            192  sun.management.NotificationEmitterSupport$ListenerInfo (java.management@17.0.9)
397:            11            176  java.util.concurrent.atomic.AtomicInteger (java.base@17.0.9)
398:            11            176  sun.nio.fs.UnixFileAttributes$UnixAsBasicFileAttributes (java.base@17.0.9)
399:             7            168  [Ljava.util.regex.Pattern$Node; (java.base@17.0.9)
400:             1            168  [[Ljava.math.BigInteger; (java.base@17.0.9)
401:             7            168  java.lang.System$Logger$Level (java.base@17.0.9)
402:             7            168  java.lang.invoke.LambdaFormEditor$TransformKey (java.base@17.0.9)
403:             7            168  java.security.Permissions (java.base@17.0.9)
404:             7            168  java.util.regex.Pattern$BmpCharProperty (java.base@17.0.9)
405:             3            168  javax.management.openmbean.OpenMBeanOperationInfoSupport (java.management@17.0.9)
406:             7            168  sun.management.counter.Units (java.management@17.0.9)
407:             7            168  sun.nio.ch.Util$BufferCache (java.base@17.0.9)
408:             3            168  sun.rmi.transport.Target (java.rmi@17.0.9)
409:             3            168  sun.rmi.transport.tcp.TCPConnection (java.rmi@17.0.9)
410:             2            160  [Ljava.lang.constant.DirectMethodHandleDesc$Kind; (java.base@17.0.9)
411:             3            160  [Ljava.util.logging.Level; (java.logging@17.0.9)
412:             4            160  java.io.BufferedInputStream (java.base@17.0.9)
413:             5            160  java.io.BufferedOutputStream (java.base@17.0.9)
414:             5            160  java.lang.WeakPairMap$Pair$Weak$1 (java.base@17.0.9)
415:             5            160  java.lang.invoke.VarHandle$AccessType (java.base@17.0.9)
416:             4            160  java.lang.invoke.VarHandleInts$FieldInstanceReadWrite (java.base@17.0.9)
417:             5            160  java.net.InetAddress$CachedLocalHost (java.base@17.0.9)
418:             5            160  java.util.Collections$SynchronizedMap (java.base@17.0.9)
419:            10            160  java.util.Formatter$Flags (java.base@17.0.9)
420:             5            160  java.util.Vector (java.base@17.0.9)
421:             5            160  javax.management.StandardEmitterMBean (java.management@17.0.9)
422:            10            160  jdk.internal.logger.LazyLoggers$JdkLazyLogger (java.base@17.0.9)
423:             4            160  sun.rmi.transport.WeakRef (java.rmi@17.0.9)
424:             5            160  sun.util.locale.provider.LocaleProviderAdapter$Type (java.base@17.0.9)
425:             5            160  sun.util.locale.provider.LocaleResources (java.base@17.0.9)
426:             2            152  [[Ljava.lang.String; (java.base@17.0.9)
427:             1            144  [Ljava.lang.invoke.VarHandle$AccessMode; (java.base@17.0.9)
428:             6            144  [Ljava.security.ProtectionDomain; (java.base@17.0.9)
429:             6            144  java.lang.Thread$State (java.base@17.0.9)
430:             6            144  java.lang.module.ModuleDescriptor$Requires$Modifier (java.base@17.0.9)
431:             6            144  java.net.Socket$SocketInputStream (java.base@17.0.9)
432:             9            144  java.rmi.server.Operation (java.rmi@17.0.9)
433:             3            144  java.time.temporal.JulianFields$Field (java.base@17.0.9)
434:             1            144  java.util.Scanner (java.base@17.0.9)
435:             2            144  java.util.concurrent.ScheduledThreadPoolExecutor$ScheduledFutureTask (java.base@17.0.9)
436:             3            144  javax.management.Notification (java.management@17.0.9)
437:             6            144  javax.management.openmbean.TabularDataSupport (java.management@17.0.9)
438:             3            144  javax.management.openmbean.TabularType (java.management@17.0.9)
439:             6            144  jdk.internal.perf.PerfCounter (java.base@17.0.9)
440:             6            144  jdk.net.ExtendedSocketOptions$ExtSocketOption (jdk.net@17.0.9)
441:             3            144  sun.nio.cs.StreamEncoder (java.base@17.0.9)
442:             3            144  sun.nio.cs.UTF_8$Encoder (java.base@17.0.9)
443:             3            144  sun.rmi.transport.tcp.TCPChannel (java.rmi@17.0.9)
444:             1            136  [Ljava.time.temporal.ChronoField; (java.base@17.0.9)
445:             4            128  [Ljava.lang.invoke.LambdaFormEditor$Transform; (java.base@17.0.9)
446:             4            128  [Lsun.nio.fs.NativeBuffer; (java.base@17.0.9)
447:             4            128  com.sun.jmx.mbeanserver.DefaultMXBeanMappingFactory$ArrayMapping (java.management@17.0.9)
448:             4            128  java.time.format.DateTimeFormatterBuilder$TextPrinterParser (java.base@17.0.9)
449:             8            128  java.util.IdentityHashMap$KeySet (java.base@17.0.9)
450:             4            128  java.util.LinkedList (java.base@17.0.9)
451:             4            128  java.util.concurrent.locks.AbstractQueuedSynchronizer$ConditionNode (java.base@17.0.9)
452:             8            128  java.util.regex.Pattern$CharPredicate$$Lambda$23/0x80000002d (java.base@17.0.9)
453:             4            128  java.util.stream.FindOps$FindOp (java.base@17.0.9)
454:             4            128  sun.nio.fs.NativeBuffer (java.base@17.0.9)
455:             4            128  sun.reflect.generics.reflectiveObjects.TypeVariableImpl (java.base@17.0.9)
456:             4            128  sun.reflect.generics.repository.ClassRepository (java.base@17.0.9)
457:             3            120  [Ljava.lang.invoke.LambdaForm$BasicType; (java.base@17.0.9)
458:             3            120  java.lang.ModuleLayer (java.base@17.0.9)
459:             3            120  java.lang.invoke.MethodHandleImpl$IntrinsicMethodHandle (java.base@17.0.9)
460:             3            120  java.lang.module.Configuration (java.base@17.0.9)
461:             3            120  java.lang.reflect.ProxyGenerator$ProxyMethod (java.base@17.0.9)
462:             5            120  java.net.Socket$SocketOutputStream (java.base@17.0.9)
463:             5            120  java.time.format.SignStyle (java.base@17.0.9)
464:             5            120  java.util.BitSet (java.base@17.0.9)
465:             3            120  java.util.IdentityHashMap$KeyIterator (java.base@17.0.9)
466:             5            120  java.util.stream.StreamOpFlag$Type (java.base@17.0.9)
467:             5            120  jdk.internal.math.FloatingDecimal$PreparedASCIIToBinaryBuffer (java.base@17.0.9)
468:             1            112  [Ljava.time.LocalTime; (java.base@17.0.9)
469:             2            112  [Ljavax.management.openmbean.OpenType; (java.management@17.0.9)
470:             7            112  java.lang.ThreadLocal (java.base@17.0.9)
471:             7            112  java.lang.invoke.LambdaFormEditor (java.base@17.0.9)
472:             2            112  java.net.SocketPermission (java.base@17.0.9)
473:             2            112  java.nio.DirectIntBufferRU (java.base@17.0.9)
474:             7            112  java.util.regex.Pattern$BranchConn (java.base@17.0.9)
475:             7            112  jdk.internal.loader.ClassLoaderValue (java.base@17.0.9)
476:             7            112  jdk.internal.module.ServicesCatalog (java.base@17.0.9)
477:             7            112  sun.nio.ch.NioSocketImpl$$Lambda$15/0x00007f1c100483e8 (java.base@17.0.9)
478:             2            104  [Lsun.util.logging.PlatformLogger$Level; (java.base@17.0.9)
479:             1            104  sun.security.jca.ProviderList$1 (java.base@17.0.9)
480:             1            104  sun.security.provider.Sun (java.base@17.0.9)
481:             2             96  [Ljava.lang.System$Logger$Level; (java.base@17.0.9)
482:             2             96  [Ljava.lang.management.MemoryUsage; (java.management@17.0.9)
483:             4             96  [Lsun.reflect.generics.tree.ClassTypeSignature; (java.base@17.0.9)
484:             1             96  [Lsun.util.locale.BaseLocale; (java.base@17.0.9)
485:             3             96  com.sun.jmx.mbeanserver.DefaultMXBeanMappingFactory$EnumMapping (java.management@17.0.9)
486:             2             96  com.sun.management.internal.GarbageCollectorExtImpl (jdk.management@17.0.9)
487:             3             96  java.io.FileInputStream (java.base@17.0.9)
488:             4             96  java.lang.ClassValue$Version (java.base@17.0.9)
489:             4             96  java.lang.NamedPackage (java.base@17.0.9)
490:             3             96  java.lang.Runtime$Version (java.base@17.0.9)
491:             3             96  java.lang.constant.DynamicConstantDesc$AnonymousDynamicConstantDesc (java.base@17.0.9)
492:             3             96  java.lang.invoke.SimpleMethodHandle (java.base@17.0.9)
493:             4             96  java.lang.module.ModuleDescriptor$Modifier (java.base@17.0.9)
494:             4             96  java.time.format.DateTimeFormatterBuilder$OffsetIdPrinterParser (java.base@17.0.9)
495:             4             96  java.time.format.DateTimeFormatterBuilder$SettingsParser (java.base@17.0.9)
496:             3             96  java.util.concurrent.ConcurrentSkipListMap$KeyIterator (java.base@17.0.9)
497:             3             96  java.util.concurrent.SynchronousQueue$TransferStack$SNode (java.base@17.0.9)
498:             6             96  java.util.regex.Pattern$$Lambda$19/0x800000025 (java.base@17.0.9)
499:             4             96  java.util.regex.Pattern$BmpCharPredicate$$Lambda$22/0x80000002b (java.base@17.0.9)
500:             4             96  java.util.regex.Pattern$Qtype (java.base@17.0.9)
501:             4             96  java.util.stream.StreamShape (java.base@17.0.9)
502:             3             96  javax.management.MBeanConstructorInfo (java.management@17.0.9)
503:             1             96  jdk.internal.jimage.ImageReader$SharedImageReader (java.base@17.0.9)
504:             4             96  jdk.internal.loader.AbstractClassLoaderValue$Sub (java.base@17.0.9)
505:             4             96  jdk.internal.logger.BootstrapLogger$LoggingBackend (java.base@17.0.9)
506:             3             96  sun.net.spi.DefaultProxySelector$NonProxyInfo (java.base@17.0.9)
507:             6             96  sun.nio.ch.NioSocketImpl$1 (java.base@17.0.9)
508:             4             96  sun.nio.fs.NativeBuffer$Deallocator (java.base@17.0.9)
509:             4             96  sun.reflect.annotation.AnnotationInvocationHandler (java.base@17.0.9)
510:             4             96  sun.reflect.generics.tree.ClassSignature (java.base@17.0.9)
511:             4             96  sun.reflect.generics.tree.FormalTypeParameter (java.base@17.0.9)
512:             3             96  sun.rmi.transport.LiveRef (java.rmi@17.0.9)
513:             3             88  [Ljava.rmi.server.Operation; (java.rmi@17.0.9)
514:             1             88  com.sun.jmx.remote.util.ClassLoaderWithRepository (java.management@17.0.9)
515:             1             88  javax.management.remote.rmi.RMIConnectionImpl$CombinedClassLoader (java.management.rmi@17.0.9)
516:             1             88  sun.reflect.misc.MethodUtil (java.base@17.0.9)
517:             2             80  [F (java.base@17.0.9)
518:             2             80  [Ljava.lang.OutOfMemoryError; (java.base@17.0.9)
519:             1             80  [Ljava.time.temporal.ChronoUnit; (java.base@17.0.9)
520:             1             80  [Ljava.util.concurrent.RunnableScheduledFuture; (java.base@17.0.9)
521:             2             80  [Ljava.util.stream.StreamOpFlag$Type; (java.base@17.0.9)
522:             2             80  [Lsun.security.jca.ProviderConfig; (java.base@17.0.9)
523:             2             80  com.sun.jmx.mbeanserver.DefaultMXBeanMappingFactory$TabularMapping (java.management@17.0.9)
524:             2             80  java.io.BufferedWriter (java.base@17.0.9)
525:             2             80  java.io.PrintStream (java.base@17.0.9)
526:             2             80  java.util.Collections$SingletonMap (java.base@17.0.9)
527:             2             80  java.util.HashMap$EntryIterator (java.base@17.0.9)
528:             2             80  java.util.Locale$Category (java.base@17.0.9)
529:             5             80  java.util.regex.Pattern$BitClass (java.base@17.0.9)
530:             1             80  javax.management.remote.rmi.RMIConnectionImpl$CombinedClassLoader$ClassLoaderWrapper (java.management.rmi@17.0.9)
531:             2             80  jdk.internal.math.FloatingDecimal$BinaryToASCIIBuffer (java.base@17.0.9)
532:             2             80  sun.management.MemoryManagerImpl (java.management@17.0.9)
533:             5             80  sun.nio.ch.NioSocketImpl$2 (java.base@17.0.9)
534:             1             80  sun.util.cldr.CLDRLocaleProviderAdapter (java.base@17.0.9)
535:             1             80  sun.util.locale.provider.JRELocaleProviderAdapter (java.base@17.0.9)
536:             3             72  [Ljava.lang.reflect.TypeVariable; (java.base@17.0.9)
537:             1             72  [Ljavax.management.openmbean.SimpleType; (java.management@17.0.9)
538:             1             72  [Ljdk.jfr.internal.LogTag; (jdk.jfr@17.0.9)
539:             3             72  com.sun.jmx.remote.internal.ArrayNotificationBuffer$NamedNotification (java.management@17.0.9)
540:             3             72  java.io.ObjectInputFilter$Status (java.base@17.0.9)
541:             3             72  java.io.OutputStreamWriter (java.base@17.0.9)
542:             3             72  java.lang.StackWalker$Option (java.base@17.0.9)
543:             3             72  java.lang.WeakPairMap (java.base@17.0.9)
544:             3             72  java.lang.annotation.RetentionPolicy (java.base@17.0.9)
545:             3             72  java.lang.invoke.VarHandle$VarHandleDesc$Kind (java.base@17.0.9)
546:             3             72  java.net.InetAddress$NameServiceAddresses (java.base@17.0.9)
547:             3             72  java.net.Proxy$Type (java.base@17.0.9)
548:             3             72  java.net.StandardProtocolFamily (java.base@17.0.9)
549:             3             72  java.security.BasicPermissionCollection (java.base@17.0.9)
550:             3             72  java.security.SecurityPermission (java.base@17.0.9)
551:             3             72  java.time.Instant (java.base@17.0.9)
552:             3             72  java.time.format.ResolverStyle (java.base@17.0.9)
553:             3             72  java.util.concurrent.ConcurrentHashMap$KeySetView (java.base@17.0.9)
554:             3             72  java.util.concurrent.ConcurrentSkipListMap$Index (java.base@17.0.9)
555:             1             72  java.util.concurrent.ScheduledThreadPoolExecutor (java.base@17.0.9)
556:             1             72  java.util.concurrent.ThreadPoolExecutor (java.base@17.0.9)
557:             3             72  java.util.concurrent.locks.AbstractQueuedSynchronizer$ConditionObject (java.base@17.0.9)
558:             1             72  java.util.regex.Matcher (java.base@17.0.9)
559:             3             72  java.util.regex.Pattern$$Lambda$21/0x80000002a (java.base@17.0.9)
560:             3             72  java.util.regex.Pattern$Start (java.base@17.0.9)
561:             3             72  java.util.stream.Collector$Characteristics (java.base@17.0.9)
562:             3             72  javax.management.NotificationBroadcasterSupport$ListenerInfo (java.management@17.0.9)
563:             3             72  jdk.internal.math.FloatingDecimal$ExceptionalBinaryToASCIIBuffer (java.base@17.0.9)
564:             3             72  jdk.internal.misc.Signal (java.base@17.0.9)
565:             3             72  jdk.jfr.internal.SecuritySupport$SafePath (jdk.jfr@17.0.9)
566:             3             72  sun.management.ManagementFactoryHelper$1 (java.management@17.0.9)
567:             3             72  sun.reflect.generics.scope.ClassScope (java.base@17.0.9)
568:             3             72  sun.security.provider.NativePRNG$Variant (java.base@17.0.9)
569:             3             72  sun.security.util.LazyCodeSourcePermissionCollection (java.base@17.0.9)
570:             2             64  [Ljava.lang.StackWalker$Option; (java.base@17.0.9)
571:             2             64  [Ljava.lang.annotation.RetentionPolicy; (java.base@17.0.9)
572:             1             64  [Ljava.lang.invoke.MethodHandleImpl$Intrinsic; (java.base@17.0.9)
573:             2             64  [Ljava.nio.charset.CoderResult; (java.base@17.0.9)
574:             2             64  [Ljava.util.stream.Collector$Characteristics; (java.base@17.0.9)
575:             2             64  [Ljdk.internal.module.ServicesCatalog; (java.base@17.0.9)
576:             1             64  com.sun.jmx.remote.internal.ArrayNotificationBuffer (java.management@17.0.9)
577:             2             64  com.sun.management.internal.GcInfoCompositeData (jdk.management@17.0.9)
578:             2             64  java.io.ClassCache$1 (java.base@17.0.9)
579:             2             64  java.io.FileOutputStream (java.base@17.0.9)
580:             4             64  java.lang.ClassValue$Identity (java.base@17.0.9)
581:             2             64  java.lang.Module$ArchivedData (java.base@17.0.9)
582:             2             64  java.lang.Package (java.base@17.0.9)
583:             2             64  java.lang.StackWalker (java.base@17.0.9)
584:             2             64  java.lang.module.ModuleDescriptor$Version (java.base@17.0.9)
585:             2             64  java.lang.ref.ReferenceQueue$Null (java.base@17.0.9)
586:             2             64  java.net.Inet6Address$Inet6AddressHolder (java.base@17.0.9)
587:             1             64  java.net.SocksSocketImpl (java.base@17.0.9)
588:             4             64  java.security.SecureClassLoader$CodeSourceKey (java.base@17.0.9)
589:             1             64  java.security.SecureRandom (java.base@17.0.9)
590:             2             64  java.time.temporal.IsoFields$Unit (java.base@17.0.9)
591:             2             64  java.util.HexFormat (java.base@17.0.9)
592:             4             64  java.util.LinkedHashMap$LinkedKeySet (java.base@17.0.9)
593:             2             64  java.util.PropertyPermission (java.base@17.0.9)
594:             4             64  java.util.concurrent.ConcurrentHashMap$EntrySetView (java.base@17.0.9)
595:             4             64  java.util.concurrent.ConcurrentHashMap$ValuesView (java.base@17.0.9)
596:             1             64  java.util.logging.LogManager$RootLogger (java.logging@17.0.9)
597:             1             64  javax.management.remote.rmi.RMIConnectionImpl (java.management.rmi@17.0.9)
598:             1             64  javax.management.remote.rmi.RMIConnectorServer (java.management.rmi@17.0.9)
599:             1             64  javax.management.remote.rmi.RMIJRMPServerImpl (java.management.rmi@17.0.9)
600:             2             64  jdk.internal.loader.ArchivedClassLoaders (java.base@17.0.9)
601:             2             64  jdk.internal.reflect.UnsafeQualifiedObjectFieldAccessorImpl (java.base@17.0.9)
602:             4             64  jdk.proxy1.$Proxy1 (jdk.proxy1)
603:             2             64  sun.reflect.annotation.AnnotationType (java.base@17.0.9)
604:             2             64  sun.rmi.server.UnicastServerRef2 (java.rmi@17.0.9)
605:             2             64  sun.rmi.transport.tcp.TCPTransport (java.rmi@17.0.9)
606:             2             64  sun.security.provider.FileInputStreamPool$StreamRef (java.base@17.0.9)
607:             1             56  [Ljava.lang.Runnable; (java.base@17.0.9)
608:             1             56  [Ljava.nio.file.StandardOpenOption; (java.base@17.0.9)
609:             1             56  [Lru.job4j.tracker.UserAction;
610:             1             56  [[I (java.base@17.0.9)
611:             1             56  com.sun.jmx.remote.internal.ServerNotifForwarder (java.management@17.0.9)
612:             1             56  com.sun.management.GcInfo (jdk.management@17.0.9)
613:             1             56  java.io.ObjectInputFilter$Config$Global (java.base@17.0.9)
614:             1             56  java.lang.invoke.BoundMethodHandle$Specializer (java.base@17.0.9)
615:             1             56  java.util.logging.LogManager (java.logging@17.0.9)
616:             1             56  javax.management.remote.JMXConnectionNotification (java.management@17.0.9)
617:             1             56  jdk.internal.org.objectweb.asm.Label (java.base@17.0.9)
618:             1             56  sun.security.provider.SHA (java.base@17.0.9)
619:             3             48  [Ljava.lang.StackTraceElement; (java.base@17.0.9)
620:             3             48  [Ljava.lang.annotation.Annotation; (java.base@17.0.9)
621:             1             48  [Ljava.lang.management.MemoryPoolMXBean; (java.management@17.0.9)
622:             1             48  [Ljava.math.RoundingMode; (java.base@17.0.9)
623:             1             48  [Ljava.util.concurrent.TimeUnit; (java.base@17.0.9)
624:             1             48  [Lsun.management.counter.Units; (java.management@17.0.9)
625:             1             48  [[Ljava.lang.Object; (java.base@17.0.9)
626:             2             48  com.sun.jmx.mbeanserver.ClassLoaderRepositorySupport$LoaderEntry (java.management@17.0.9)
627:             1             48  com.sun.jmx.mbeanserver.DefaultMXBeanMappingFactory$Mappings (java.management@17.0.9)
628:             1             48  com.sun.jmx.mbeanserver.MBeanIntrospector$MBeanInfoMap (java.management@17.0.9)
629:             1             48  com.sun.jmx.mbeanserver.MBeanIntrospector$PerInterfaceMap (java.management@17.0.9)
630:             2             48  com.sun.jmx.mbeanserver.WeakIdentityHashMap (java.management@17.0.9)
631:             2             48  com.sun.jmx.remote.internal.ServerNotifForwarder$IdAndFilter (java.management@17.0.9)
632:             2             48  com.sun.management.internal.GarbageCollectionNotifInfoCompositeData (jdk.management@17.0.9)
633:             1             48  com.sun.management.internal.GcInfoBuilder (jdk.management@17.0.9)
634:             2             48  java.io.File$PathStatus (java.base@17.0.9)
635:             1             48  java.lang.NullPointerException (java.base@17.0.9)
636:             1             48  java.lang.invoke.BoundMethodHandle$Specializer$Factory (java.base@17.0.9)
637:             2             48  java.lang.invoke.MethodHandles$Lookup$ClassOption (java.base@17.0.9)
638:             2             48  java.lang.management.MemoryType (java.management@17.0.9)
639:             2             48  java.lang.reflect.ReflectPermission (java.base@17.0.9)
640:             2             48  java.net.Inet6Address (java.base@17.0.9)
641:             3             48  java.nio.charset.CodingErrorAction (java.base@17.0.9)
642:             2             48  java.rmi.dgc.VMID (java.rmi@17.0.9)
643:             2             48  java.time.format.DateTimeFormatterBuilder$1 (java.base@17.0.9)
644:             2             48  java.time.format.DateTimeFormatterBuilder$ZoneIdPrinterParser (java.base@17.0.9)
645:             2             48  java.time.format.DateTimeTextProvider$LocaleStore (java.base@17.0.9)
646:             2             48  java.util.Collections$UnmodifiableMap$UnmodifiableEntrySet$1 (java.base@17.0.9)
647:             3             48  java.util.LinkedHashMap$LinkedValues (java.base@17.0.9)
648:             3             48  java.util.Optional (java.base@17.0.9)
649:             3             48  java.util.ResourceBundle$NoFallbackControl (java.base@17.0.9)
650:             1             48  java.util.concurrent.ConcurrentSkipListMap (java.base@17.0.9)
651:             1             48  java.util.concurrent.locks.ReentrantReadWriteLock$FairSync (java.base@17.0.9)
652:             2             48  java.util.logging.Logger$LoggerBundle (java.logging@17.0.9)
653:             2             48  java.util.logging.LoggingPermission (java.logging@17.0.9)
654:             2             48  java.util.regex.Pattern$Dollar (java.base@17.0.9)
655:             2             48  java.util.regex.Pattern$StartS (java.base@17.0.9)
656:             2             48  javax.management.NotificationBroadcasterSupport (java.management@17.0.9)
657:             1             48  javax.management.remote.rmi.RMIConnectionImpl$RMIServerCommunicatorAdmin (java.management.rmi@17.0.9)
658:             1             48  jdk.internal.jimage.ImageHeader (java.base@17.0.9)
659:             2             48  jdk.internal.misc.Signal$NativeHandler (java.base@17.0.9)
660:             2             48  jdk.internal.module.ModuleHashes (java.base@17.0.9)
661:             3             48  jdk.internal.util.Preconditions$1 (java.base@17.0.9)
662:             1             48  jdk.management.jfr.FlightRecorderMXBeanImpl (jdk.management.jfr@17.0.9)
663:             1             48  sun.rmi.runtime.Log$InternalStreamHandler (java.rmi@17.0.9)
664:             3             48  sun.rmi.transport.tcp.TCPTransport$ConnectionHandler$$Lambda$116/0x00007f1c1009c910 (java.rmi@17.0.9)
665:             2             48  sun.security.jca.ProviderList (java.base@17.0.9)
666:             2             48  sun.security.jca.ProviderList$3 (java.base@17.0.9)
667:             1             48  sun.util.resources.TimeZoneNames (java.base@17.0.9)
668:             1             48  sun.util.resources.TimeZoneNames_en (java.base@17.0.9)
669:             1             48  sun.util.resources.cldr.TimeZoneNames (java.base@17.0.9)
670:             1             48  sun.util.resources.cldr.TimeZoneNames_en (java.base@17.0.9)
671:             2             40  [Lcom.sun.jmx.mbeanserver.ClassLoaderRepositorySupport$LoaderEntry; (java.management@17.0.9)
672:             1             40  [Ljava.lang.Thread$State; (java.base@17.0.9)
673:             1             40  [Ljava.lang.invoke.VarHandle$AccessType; (java.base@17.0.9)
674:             2             40  [Ljava.net.URL; (java.base@17.0.9)
675:             1             40  [Ljava.time.format.SignStyle; (java.base@17.0.9)
676:             1             40  [Ljava.time.format.TextStyle; (java.base@17.0.9)
677:             1             40  [Ljava.util.stream.StreamOpFlag; (java.base@17.0.9)
678:             1             40  [Lsun.util.locale.provider.LocaleProviderAdapter$Type; (java.base@17.0.9)
679:             1             40  [[Ljava.lang.invoke.LambdaForm$Name; (java.base@17.0.9)
680:             1             40  com.sun.jmx.interceptor.DefaultMBeanServerInterceptor (java.management@17.0.9)
681:             1             40  com.sun.jmx.mbeanserver.JmxMBeanServer (java.management@17.0.9)
682:             1             40  com.sun.jmx.mbeanserver.MBeanServerDelegateImpl (java.management@17.0.9)
683:             1             40  com.sun.management.internal.DiagnosticCommandImpl (jdk.management@17.0.9)
684:             1             40  com.sun.management.internal.OperatingSystemImpl$ProcessCpuTicks (jdk.management@17.0.9)
685:             1             40  com.sun.management.internal.OperatingSystemImpl$SystemCpuTicks (jdk.management@17.0.9)
686:             1             40  java.io.FilePermission (java.base@17.0.9)
687:             1             40  java.lang.ArithmeticException (java.base@17.0.9)
688:             1             40  java.lang.Exception (java.base@17.0.9)
689:             1             40  java.lang.Package$VersionInfo (java.base@17.0.9)
690:             1             40  java.lang.VirtualMachineError (java.base@17.0.9)
691:             1             40  java.lang.invoke.BoundMethodHandle$Species_LLL (java.base@17.0.9)
692:             1             40  java.lang.invoke.VarHandleLongs$FieldInstanceReadWrite (java.base@17.0.9)
693:             1             40  java.time.format.DateTimeFormatterBuilder (java.base@17.0.9)
694:             1             40  java.time.format.DateTimeFormatterBuilder$FractionPrinterParser (java.base@17.0.9)
695:             1             40  java.time.zone.ZoneRules (java.base@17.0.9)
696:             1             40  java.util.ResourceBundle$2 (java.base@17.0.9)
697:             1             40  javax.management.remote.rmi.RMIConnectionImpl$4 (java.management.rmi@17.0.9)
698:             1             40  jdk.internal.event.SecurityProviderServiceEvent (java.base@17.0.9)
699:             1             40  jdk.internal.loader.URLClassPath (java.base@17.0.9)
700:             1             40  jdk.internal.ref.CleanerImpl$CleanerCleanable (java.base@17.0.9)
701:             1             40  sun.management.MappedMXBeanType$CompositeDataMXBeanType (java.management@17.0.9)
702:             1             40  sun.management.MappedMXBeanType$MapMXBeanType (java.management@17.0.9)
703:             1             40  sun.nio.cs.US_ASCII$Decoder (java.base@17.0.9)
704:             1             40  sun.text.resources.cldr.FormatData (java.base@17.0.9)
705:             1             40  sun.text.resources.cldr.ext.FormatData_ru (jdk.localedata@17.0.9)
706:             1             40  sun.util.locale.InternalLocaleBuilder (java.base@17.0.9)
707:             1             40  sun.util.resources.Bundles$1 (java.base@17.0.9)
708:             1             32  [Ljava.io.ObjectInputFilter$Status; (java.base@17.0.9)
709:             1             32  [Ljava.lang.ThreadGroup; (java.base@17.0.9)
710:             1             32  [Ljava.lang.invoke.VarHandle$VarHandleDesc$Kind; (java.base@17.0.9)
711:             1             32  [Ljava.lang.management.MemoryManagerMXBean; (java.management@17.0.9)
712:             1             32  [Ljava.lang.module.ModuleDescriptor$Modifier; (java.base@17.0.9)
713:             1             32  [Ljava.lang.module.ModuleDescriptor$Requires$Modifier; (java.base@17.0.9)
714:             1             32  [Ljava.net.Proxy$Type; (java.base@17.0.9)
715:             1             32  [Ljava.net.StandardProtocolFamily; (java.base@17.0.9)
716:             1             32  [Ljava.time.format.DateTimeFormatterBuilder$SettingsParser; (java.base@17.0.9)
717:             1             32  [Ljava.time.format.ResolverStyle; (java.base@17.0.9)
718:             1             32  [Ljava.time.temporal.IsoFields$Field; (java.base@17.0.9)
719:             1             32  [Ljava.time.temporal.JulianFields$Field; (java.base@17.0.9)
720:             2             32  [Ljava.util.regex.IntHashSet; (java.base@17.0.9)
721:             1             32  [Ljava.util.regex.Pattern$Qtype; (java.base@17.0.9)
722:             1             32  [Ljava.util.stream.StreamShape; (java.base@17.0.9)
723:             1             32  [Ljdk.internal.logger.BootstrapLogger$LoggingBackend; (java.base@17.0.9)
724:             1             32  [Lsun.security.provider.NativePRNG$Variant; (java.base@17.0.9)
725:             2             32  com.sun.jmx.mbeanserver.GetPropertyAction (java.management@17.0.9)
726:             1             32  com.sun.jmx.mbeanserver.Repository (java.management@17.0.9)
727:             1             32  com.sun.jmx.remote.internal.ArrayQueue (java.management@17.0.9)
728:             1             32  com.sun.management.GarbageCollectionNotificationInfo (jdk.management@17.0.9)
729:             1             32  com.sun.management.internal.OperatingSystemImpl (jdk.management@17.0.9)
730:             1             32  java.io.UnixFileSystem (java.base@17.0.9)
731:             2             32  java.lang.Boolean (java.base@17.0.9)
732:             2             32  java.lang.Shutdown$Lock (java.base@17.0.9)
733:             1             32  java.lang.invoke.MethodHandleNatives$CallSiteContext (java.base@17.0.9)
734:             2             32  java.nio.ByteOrder (java.base@17.0.9)
735:             1             32  java.security.MessageDigest$Delegate$CloneableDelegate (java.base@17.0.9)
736:             2             32  java.time.format.DateTimeFormatterBuilder$StringLiteralPrinterParser (java.base@17.0.9)
737:             2             32  java.util.Collections$UnmodifiableMap$UnmodifiableEntrySet (java.base@17.0.9)
738:             2             32  java.util.LinkedHashMap$LinkedEntrySet (java.base@17.0.9)
739:             2             32  java.util.ResourceBundle$SingleFormatControl (java.base@17.0.9)
740:             2             32  java.util.TreeSet (java.base@17.0.9)
741:             1             32  java.util.concurrent.ScheduledThreadPoolExecutor$DelayedWorkQueue (java.base@17.0.9)
742:             1             32  java.util.concurrent.SynchronousQueue (java.base@17.0.9)
743:             1             32  java.util.concurrent.ThreadLocalRandom (java.base@17.0.9)
744:             1             32  java.util.concurrent.atomic.LongAdder (java.base@17.0.9)
745:             1             32  java.util.logging.LogManager$SystemLoggerContext (java.logging@17.0.9)
746:             1             32  java.util.zip.ZipCoder$UTF8ZipCoder (java.base@17.0.9)
747:             2             32  javax.management.NotificationFilterSupport (java.management@17.0.9)
748:             1             32  javax.management.remote.JMXServiceURL (java.management@17.0.9)
749:             1             32  javax.management.remote.NotificationResult (java.management@17.0.9)
750:             1             32  jdk.internal.module.ArchivedModuleGraph (java.base@17.0.9)
751:             2             32  jdk.internal.module.ModuleResolution (java.base@17.0.9)
752:             2             32  jdk.internal.module.ModuleTarget (java.base@17.0.9)
753:             1             32  jdk.internal.org.objectweb.asm.ConstantDynamic (java.base@17.0.9)
754:             1             32  jdk.internal.org.objectweb.asm.Handle (java.base@17.0.9)
755:             1             32  jdk.management.jfr.FlightRecorderMXBeanImpl$MXBeanListener (jdk.management.jfr@17.0.9)
756:             1             32  jdk.net.ExtendedSocketOptions$1 (jdk.net@17.0.9)
757:             1             32  sun.instrument.InstrumentationImpl (java.instrument@17.0.9)
758:             1             32  sun.management.MappedMXBeanType$InProgress (java.management@17.0.9)
759:             1             32  sun.management.jmxremote.LocalRMIServerSocketFactory$1 (jdk.management.agent@17.0.9)
760:             1             32  sun.nio.fs.LinuxFileSystem (java.base@17.0.9)
761:             2             32  sun.rmi.server.UnicastRef2 (java.rmi@17.0.9)
762:             1             32  sun.rmi.server.UnicastServerRef (java.rmi@17.0.9)
763:             2             32  sun.rmi.server.WeakClassHashMap$ValueCell (java.rmi@17.0.9)
764:             1             32  sun.rmi.transport.DGCImpl$LeaseInfo (java.rmi@17.0.9)
765:             1             32  sun.rmi.transport.tcp.TCPTransport$AcceptLoop (java.rmi@17.0.9)
766:             2             32  sun.security.provider.FileInputStreamPool$UnclosableInputStream (java.base@17.0.9)
767:             1             32  sun.security.provider.SecureRandom (java.base@17.0.9)
768:             1             32  sun.security.util.KnownOIDs$1 (java.base@17.0.9)
769:             1             32  sun.security.util.KnownOIDs$10 (java.base@17.0.9)
770:             1             32  sun.security.util.KnownOIDs$2 (java.base@17.0.9)
771:             1             32  sun.security.util.KnownOIDs$3 (java.base@17.0.9)
772:             1             32  sun.security.util.KnownOIDs$4 (java.base@17.0.9)
773:             1             32  sun.security.util.KnownOIDs$5 (java.base@17.0.9)
774:             1             32  sun.security.util.KnownOIDs$6 (java.base@17.0.9)
775:             1             32  sun.security.util.KnownOIDs$7 (java.base@17.0.9)
776:             1             32  sun.security.util.KnownOIDs$8 (java.base@17.0.9)
777:             1             32  sun.security.util.KnownOIDs$9 (java.base@17.0.9)
778:             2             32  sun.util.resources.LocaleData (java.base@17.0.9)
779:             1             24  [Ljava.io.File$PathStatus; (java.base@17.0.9)
780:             1             24  [Ljava.lang.invoke.MethodHandles$Lookup$ClassOption; (java.base@17.0.9)
781:             1             24  [Ljava.lang.management.MemoryType; (java.management@17.0.9)
782:             1             24  [Ljava.net.InetSocketAddress; (java.base@17.0.9)
783:             1             24  [Ljava.security.Permission; (java.base@17.0.9)
784:             1             24  [Ljava.time.temporal.IsoFields$Unit; (java.base@17.0.9)
785:             1             24  [Ljava.util.Locale$Category; (java.base@17.0.9)
786:             1             24  [Ljava.util.jar.Manifest; (java.base@17.0.9)
787:             1             24  com.sun.jmx.mbeanserver.ClassLoaderRepositorySupport (java.management@17.0.9)
788:             1             24  com.sun.jmx.mbeanserver.MXBeanLookup (java.management@17.0.9)
789:             1             24  com.sun.jmx.remote.internal.ArrayNotificationBuffer$ShareBuffer (java.management@17.0.9)
790:             1             24  com.sun.management.internal.HotSpotThreadImpl (jdk.management@17.0.9)
791:             1             24  com.sun.management.internal.PlatformMBeanProviderImpl$1 (jdk.management@17.0.9)
792:             1             24  com.sun.management.internal.PlatformMBeanProviderImpl$2 (jdk.management@17.0.9)
793:             1             24  com.sun.management.internal.PlatformMBeanProviderImpl$3 (jdk.management@17.0.9)
794:             1             24  com.sun.management.internal.PlatformMBeanProviderImpl$4 (jdk.management@17.0.9)
795:             1             24  com.sun.management.internal.PlatformMBeanProviderImpl$5 (jdk.management@17.0.9)
796:             1             24  java.io.ObjectStreamClass$Caches$1 (java.base@17.0.9)
797:             1             24  java.io.ObjectStreamClass$Caches$2 (java.base@17.0.9)
798:             1             24  java.lang.Double (java.base@17.0.9)
799:             1             24  java.lang.invoke.ConstantCallSite (java.base@17.0.9)
800:             1             24  java.lang.invoke.MethodType$ConcurrentWeakInternSet (java.base@17.0.9)
801:             1             24  java.lang.invoke.VarHandle$TypesAndInvokers (java.base@17.0.9)
802:             1             24  java.lang.invoke.VarHandleByteArrayAsInts$ArrayHandle (java.base@17.0.9)
803:             1             24  java.lang.invoke.VarHandleByteArrayAsLongs$ArrayHandle (java.base@17.0.9)
804:             1             24  java.lang.invoke.VarHandles$1 (java.base@17.0.9)
805:             1             24  java.lang.management.DefaultPlatformMBeanProvider$1 (java.management@17.0.9)
806:             1             24  java.lang.management.DefaultPlatformMBeanProvider$10 (java.management@17.0.9)
807:             1             24  java.lang.management.DefaultPlatformMBeanProvider$11 (java.management@17.0.9)
808:             1             24  java.lang.management.DefaultPlatformMBeanProvider$2 (java.management@17.0.9)
809:             1             24  java.lang.management.DefaultPlatformMBeanProvider$3 (java.management@17.0.9)
810:             1             24  java.lang.management.DefaultPlatformMBeanProvider$4 (java.management@17.0.9)
811:             1             24  java.lang.management.DefaultPlatformMBeanProvider$5 (java.management@17.0.9)
812:             1             24  java.lang.management.DefaultPlatformMBeanProvider$6 (java.management@17.0.9)
813:             1             24  java.lang.management.DefaultPlatformMBeanProvider$7 (java.management@17.0.9)
814:             1             24  java.lang.management.DefaultPlatformMBeanProvider$8 (java.management@17.0.9)
815:             1             24  java.lang.management.DefaultPlatformMBeanProvider$9 (java.management@17.0.9)
816:             1             24  java.lang.reflect.Proxy$1 (java.base@17.0.9)
817:             1             24  java.net.Inet6AddressImpl (java.base@17.0.9)
818:             1             24  java.net.Proxy (java.base@17.0.9)
819:             1             24  java.net.SocketPermissionCollection (java.base@17.0.9)
820:             1             24  java.time.ZoneRegion (java.base@17.0.9)
821:             1             24  java.time.format.DecimalStyle (java.base@17.0.9)
822:             1             24  java.time.temporal.IsoFields$Field$1 (java.base@17.0.9)
823:             1             24  java.time.temporal.IsoFields$Field$2 (java.base@17.0.9)
824:             1             24  java.time.temporal.IsoFields$Field$3 (java.base@17.0.9)
825:             1             24  java.time.temporal.IsoFields$Field$4 (java.base@17.0.9)
826:             1             24  java.time.zone.TzdbZoneRulesProvider (java.base@17.0.9)
827:             1             24  java.util.Collections$EmptyMap (java.base@17.0.9)
828:             1             24  java.util.Collections$SynchronizedCollection (java.base@17.0.9)
829:             1             24  java.util.Locale$Cache (java.base@17.0.9)
830:             1             24  java.util.OptionalInt (java.base@17.0.9)
831:             1             24  java.util.ResourceBundle$Control$CandidateListCache (java.base@17.0.9)
832:             1             24  java.util.Scanner$PatternLRUCache (java.base@17.0.9)
833:             1             24  java.util.Vector$1 (java.base@17.0.9)
834:             1             24  java.util.concurrent.CopyOnWriteArrayList$COWIterator (java.base@17.0.9)
835:             1             24  java.util.concurrent.Executors$RunnableAdapter (java.base@17.0.9)
836:             1             24  java.util.concurrent.locks.ReentrantReadWriteLock (java.base@17.0.9)
837:             1             24  java.util.jar.Manifest (java.base@17.0.9)
838:             1             24  java.util.logging.LogManager$LoggerContext (java.logging@17.0.9)
839:             1             24  java.util.regex.Pattern$CharPredicate$$Lambda$21/0x00007f1c1004de48 (java.base@17.0.9)
840:             1             24  java.util.regex.Pattern$CharProperty (java.base@17.0.9)
841:             1             24  java.util.regex.Pattern$Slice (java.base@17.0.9)
842:             1             24  jdk.internal.jimage.ImageReader (java.base@17.0.9)
843:             1             24  jdk.internal.loader.URLClassPath$FileLoader (java.base@17.0.9)
844:             1             24  jdk.internal.logger.BootstrapLogger$RedirectedLoggers (java.base@17.0.9)
845:             1             24  jdk.internal.module.ModuleBootstrap$SafeModuleFinder (java.base@17.0.9)
846:             1             24  jdk.internal.module.SystemModuleFinders$SystemModuleFinder (java.base@17.0.9)
847:             1             24  jdk.internal.ref.CleanerImpl (java.base@17.0.9)
848:             1             24  jdk.jfr.FlightRecorderPermission (jdk.jfr@17.0.9)
849:             1             24  jdk.jfr.internal.SecuritySupport$SecureRecorderListener (jdk.jfr@17.0.9)
850:             1             24  jdk.jfr.internal.management.StreamManager (jdk.jfr@17.0.9)
851:             1             24  jdk.management.jfr.internal.FlightRecorderMXBeanProvider$SingleMBeanComponent (jdk.management.jfr@17.0.9)
852:             1             24  ru.job4j.tracker.MemTracker
853:             1             24  ru.job4j.tracker.ValidateInput
854:             1             24  sun.instrument.TransformerManager (java.instrument@17.0.9)
855:             1             24  sun.management.CompilationImpl (java.management@17.0.9)
856:             1             24  sun.management.ManagementFactoryHelper$LoggingMXBeanAccess (java.management@17.0.9)
857:             1             24  sun.management.ManagementFactoryHelper$PlatformLoggingImpl (java.management@17.0.9)
858:             1             24  sun.management.MemoryImpl (java.management@17.0.9)
859:             1             24  sun.management.RuntimeImpl (java.management@17.0.9)
860:             1             24  sun.management.VMManagementImpl (java.management@17.0.9)
861:             1             24  sun.net.sdp.SdpProvider (java.base@17.0.9)
862:             1             24  sun.nio.cs.ISO_8859_1 (java.base@17.0.9)
863:             1             24  sun.nio.cs.StandardCharsets (java.base@17.0.9)
864:             1             24  sun.nio.cs.US_ASCII (java.base@17.0.9)
865:             1             24  sun.nio.cs.UTF_8 (java.base@17.0.9)
866:             1             24  sun.reflect.generics.tree.Wildcard (java.base@17.0.9)
867:             1             24  sun.rmi.runtime.RuntimeUtil$1 (java.rmi@17.0.9)
868:             1             24  sun.rmi.transport.DGCImpl (java.rmi@17.0.9)
869:             1             24  sun.rmi.transport.SequenceEntry (java.rmi@17.0.9)
870:             1             24  sun.util.cldr.CLDRTimeZoneNameProviderImpl (java.base@17.0.9)
871:             1             24  sun.util.locale.BaseLocale$Cache (java.base@17.0.9)
872:             1             24  sun.util.locale.provider.DecimalFormatSymbolsProviderImpl (java.base@17.0.9)
873:             1             24  sun.util.locale.provider.LocaleServiceProviderPool (java.base@17.0.9)
874:             1             24  sun.util.locale.provider.NumberFormatProviderImpl (java.base@17.0.9)
875:             1             24  sun.util.locale.provider.TimeZoneNameProviderImpl (java.base@17.0.9)
876:             1             16  [Ljava.lang.Throwable; (java.base@17.0.9)
877:             1             16  [Ljava.lang.constant.Constable; (java.base@17.0.9)
878:             1             16  [Ljava.lang.management.LockInfo; (java.management@17.0.9)
879:             1             16  [Ljava.lang.management.MonitorInfo; (java.management@17.0.9)
880:             1             16  [Ljava.security.Provider; (java.base@17.0.9)
881:             1             16  [Ljava.security.cert.Certificate; (java.base@17.0.9)
882:             1             16  [Ljava.text.FieldPosition; (java.base@17.0.9)
883:             1             16  [Ljava.time.zone.ZoneOffsetTransitionRule; (java.base@17.0.9)
884:             1             16  [Ljava.util.logging.Handler; (java.logging@17.0.9)
885:             1             16  [Ljavax.management.remote.TargetedNotification; (java.management@17.0.9)
886:             1             16  [Lsun.instrument.TransformerManager$TransformerInfo; (java.instrument@17.0.9)
887:             1             16  com.sun.jmx.interceptor.DefaultMBeanServerInterceptor$ResourceContext$1 (java.management@17.0.9)
888:             1             16  com.sun.jmx.mbeanserver.DefaultMXBeanMappingFactory (java.management@17.0.9)
889:             1             16  com.sun.jmx.mbeanserver.DescriptorCache (java.management@17.0.9)
890:             1             16  com.sun.jmx.mbeanserver.MBeanAnalyzer$MethodOrder (java.management@17.0.9)
891:             1             16  com.sun.jmx.mbeanserver.MBeanInstantiator (java.management@17.0.9)
892:             1             16  com.sun.jmx.mbeanserver.MXBeanIntrospector (java.management@17.0.9)
893:             1             16  com.sun.jmx.mbeanserver.SecureClassLoaderRepository (java.management@17.0.9)
894:             1             16  com.sun.jmx.remote.internal.ArrayNotificationBuffer$5 (java.management@17.0.9)
895:             1             16  com.sun.jmx.remote.internal.ArrayNotificationBuffer$BroadcasterQuery (java.management@17.0.9)
896:             1             16  com.sun.jmx.remote.internal.ArrayNotificationBuffer$BufferListener (java.management@17.0.9)
897:             1             16  com.sun.jmx.remote.internal.ServerCommunicatorAdmin$Timeout (java.management@17.0.9)
898:             1             16  com.sun.jmx.remote.internal.ServerNotifForwarder$NotifForwarderBufferFilter (java.management@17.0.9)
899:             1             16  com.sun.jmx.remote.security.SubjectDelegator (java.management@17.0.9)
900:             1             16  com.sun.management.internal.GarbageCollectionNotifInfoCompositeData$1 (jdk.management@17.0.9)
901:             1             16  com.sun.management.internal.GcInfoCompositeData$1 (jdk.management@17.0.9)
902:             1             16  com.sun.management.internal.GcInfoCompositeData$2 (jdk.management@17.0.9)
903:             1             16  com.sun.management.internal.HotSpotDiagnostic (jdk.management@17.0.9)
904:             1             16  com.sun.management.internal.PlatformMBeanProviderImpl (jdk.management@17.0.9)
905:             1             16  com.sun.management.internal.PlatformMBeanProviderImpl$$Lambda$38/0x00007f1c10066e48 (jdk.management@17.0.9)
906:             1             16  java.io.FileDescriptor$1 (java.base@17.0.9)
907:             1             16  java.io.FilePermission$1 (java.base@17.0.9)
908:             1             16  java.io.ObjectInputFilter$Config$$Lambda$86/0x00007f1c1001bea0 (java.base@17.0.9)
909:             1             16  java.io.ObjectInputFilter$Config$$Lambda$87/0x00007f1c1001c0c0 (java.base@17.0.9)
910:             1             16  java.io.ObjectInputFilter$Config$$Lambda$88/0x00007f1c1001c728 (java.base@17.0.9)
911:             1             16  java.io.ObjectInputFilter$Config$BuiltinFilterFactory (java.base@17.0.9)
912:             1             16  java.io.ObjectInputFilter$Config$Global$$Lambda$89/0x00007f1c1001cdb8 (java.base@17.0.9)
913:             1             16  java.io.ObjectInputFilter$Config$Global$$Lambda$90/0x00007f1c1001d000 (java.base@17.0.9)
914:             1             16  java.io.ObjectInputStream$$Lambda$120/0x00007f1c100a0060 (java.base@17.0.9)
915:             1             16  java.io.ObjectInputStream$$Lambda$121/0x00007f1c100a0480 (java.base@17.0.9)
916:             1             16  java.io.RandomAccessFile$2 (java.base@17.0.9)
917:             1             16  java.lang.ApplicationShutdownHooks$1 (java.base@17.0.9)
918:             1             16  java.lang.CharacterData00 (java.base@17.0.9)
919:             1             16  java.lang.CharacterDataLatin1 (java.base@17.0.9)
920:             1             16  java.lang.Class$$Lambda$79/0x00007f1c10018000 (java.base@17.0.9)
921:             1             16  java.lang.Float (java.base@17.0.9)
922:             1             16  java.lang.InheritableThreadLocal (java.base@17.0.9)
923:             1             16  java.lang.Module$$Lambda$53/0x00007f1c10029450 (java.base@17.0.9)
924:             1             16  java.lang.Runtime (java.base@17.0.9)
925:             1             16  java.lang.String$CaseInsensitiveComparator (java.base@17.0.9)
926:             1             16  java.lang.System$2 (java.base@17.0.9)
927:             1             16  java.lang.System$LoggerFinder$$Lambda$68/0x00007f1c10030f38 (java.base@17.0.9)
928:             1             16  java.lang.Terminator$1 (java.base@17.0.9)
929:             1             16  java.lang.invoke.ClassSpecializer$1 (java.base@17.0.9)
930:             1             16  java.lang.invoke.MemberName$Factory (java.base@17.0.9)
931:             1             16  java.lang.invoke.MethodHandleImpl$1 (java.base@17.0.9)
932:             1             16  java.lang.invoke.StringConcatFactory$1 (java.base@17.0.9)
933:             1             16  java.lang.invoke.StringConcatFactory$2 (java.base@17.0.9)
934:             1             16  java.lang.invoke.StringConcatFactory$3 (java.base@17.0.9)
935:             1             16  java.lang.invoke.VarHandle$1 (java.base@17.0.9)
936:             1             16  java.lang.invoke.VarHandleByteArrayAsInts$ArrayHandle$$Lambda$99/0x00007f1c100862a8 (java.base@17.0.9)
937:             1             16  java.lang.invoke.VarHandleByteArrayAsLongs$ArrayHandle$$Lambda$100/0x00007f1c10086c10 (java.base@17.0.9)
938:             1             16  java.lang.management.DefaultPlatformMBeanProvider (java.management@17.0.9)
939:             1             16  java.lang.management.DefaultPlatformMBeanProvider$5$$Lambda$59/0x00007f1c1002ce58 (java.management@17.0.9)
940:             1             16  java.lang.management.ManagementFactory$$Lambda$37/0x00007f1c1005a7c8 (java.management@17.0.9)
941:             1             16  java.lang.management.ManagementFactory$$Lambda$39/0x00007f1c1006c238 (java.management@17.0.9)
942:             1             16  java.lang.management.ManagementFactory$$Lambda$40/0x00007f1c1006c488 (java.management@17.0.9)
943:             1             16  java.lang.management.ManagementFactory$$Lambda$41/0x00007f1c1006c6c8 (java.management@17.0.9)
944:             1             16  java.lang.module.ModuleDescriptor$1 (java.base@17.0.9)
945:             1             16  java.lang.module.ModuleDescriptor$Builder$$Lambda$34/0x80000003a (java.base@17.0.9)
946:             1             16  java.lang.ref.Cleaner (java.base@17.0.9)
947:             1             16  java.lang.ref.Cleaner$1 (java.base@17.0.9)
948:             1             16  java.lang.ref.Reference$1 (java.base@17.0.9)
949:             1             16  java.lang.reflect.Proxy$$Lambda$50/0x00007f1c100286b8 (java.base@17.0.9)
950:             1             16  java.lang.reflect.Proxy$ProxyBuilder$$Lambda$51/0x00007f1c10028af8 (java.base@17.0.9)
951:             1             16  java.lang.reflect.ProxyGenerator$$Lambda$56/0x00007f1c1002a018 (java.base@17.0.9)
952:             1             16  java.lang.reflect.ProxyGenerator$$Lambda$57/0x00007f1c1002a258 (java.base@17.0.9)
953:             1             16  java.lang.reflect.ReflectAccess (java.base@17.0.9)
954:             1             16  java.net.InetAddress$1 (java.base@17.0.9)
955:             1             16  java.net.InetAddress$PlatformNameService (java.base@17.0.9)
956:             1             16  java.net.SocketImpl$$Lambda$14/0x00007f1c100448c0 (java.base@17.0.9)
957:             1             16  java.net.URI$1 (java.base@17.0.9)
958:             1             16  java.net.URL$3 (java.base@17.0.9)
959:             1             16  java.net.URL$DefaultFactory (java.base@17.0.9)
960:             1             16  java.nio.Bits$1 (java.base@17.0.9)
961:             1             16  java.nio.Buffer$1 (java.base@17.0.9)
962:             1             16  java.rmi.server.ObjID$$Lambda$101/0x00007f1c1008a0a0 (java.rmi@17.0.9)
963:             1             16  java.rmi.server.RMIClassLoader$2 (java.rmi@17.0.9)
964:             1             16  java.security.AllPermission (java.base@17.0.9)
965:             1             16  java.security.AllPermissionCollection (java.base@17.0.9)
966:             1             16  java.security.ProtectionDomain$JavaSecurityAccessImpl (java.base@17.0.9)
967:             1             16  java.security.Security$2 (java.base@17.0.9)
968:             1             16  java.text.DecimalFormatSymbols$$Lambda$59/0x800000061 (java.base@17.0.9)
969:             1             16  java.time.Clock$SystemClock (java.base@17.0.9)
970:             1             16  java.time.chrono.IsoChronology (java.base@17.0.9)
971:             1             16  java.time.format.DateTimeFormatter$$Lambda$49/0x800000057 (java.base@17.0.9)
972:             1             16  java.time.format.DateTimeFormatter$$Lambda$50/0x800000058 (java.base@17.0.9)
973:             1             16  java.time.format.DateTimeFormatterBuilder$$Lambda$48/0x800000056 (java.base@17.0.9)
974:             1             16  java.time.format.DateTimeFormatterBuilder$InstantPrinterParser (java.base@17.0.9)
975:             1             16  java.time.format.DateTimeTextProvider (java.base@17.0.9)
976:             1             16  java.time.format.DateTimeTextProvider$1 (java.base@17.0.9)
977:             1             16  java.util.Collections$EmptyEnumeration (java.base@17.0.9)
978:             1             16  java.util.Collections$EmptyIterator (java.base@17.0.9)
979:             1             16  java.util.Collections$EmptyList (java.base@17.0.9)
980:             1             16  java.util.Collections$EmptySet (java.base@17.0.9)
981:             1             16  java.util.EnumMap$1 (java.base@17.0.9)
982:             1             16  java.util.IdentityHashMap$Values (java.base@17.0.9)
983:             1             16  java.util.ImmutableCollections$Access$1 (java.base@17.0.9)
984:             1             16  java.util.LinkedHashSet (java.base@17.0.9)
985:             1             16  java.util.Locale$Builder (java.base@17.0.9)
986:             1             16  java.util.ResourceBundle$1 (java.base@17.0.9)
987:             1             16  java.util.ResourceBundle$Control (java.base@17.0.9)
988:             1             16  java.util.Spliterators$EmptySpliterator$OfDouble (java.base@17.0.9)
989:             1             16  java.util.Spliterators$EmptySpliterator$OfInt (java.base@17.0.9)
990:             1             16  java.util.Spliterators$EmptySpliterator$OfLong (java.base@17.0.9)
991:             1             16  java.util.Spliterators$EmptySpliterator$OfRef (java.base@17.0.9)
992:             1             16  java.util.concurrent.ConcurrentSkipListMap$KeySet (java.base@17.0.9)
993:             1             16  java.util.concurrent.ConcurrentSkipListSet (java.base@17.0.9)
994:             1             16  java.util.concurrent.SynchronousQueue$TransferStack (java.base@17.0.9)
995:             1             16  java.util.concurrent.ThreadPoolExecutor$AbortPolicy (java.base@17.0.9)
996:             1             16  java.util.concurrent.atomic.AtomicBoolean (java.base@17.0.9)
997:             1             16  java.util.concurrent.locks.ReentrantReadWriteLock$ReadLock (java.base@17.0.9)
998:             1             16  java.util.concurrent.locks.ReentrantReadWriteLock$Sync$ThreadLocalHoldCounter (java.base@17.0.9)
999:             1             16  java.util.concurrent.locks.ReentrantReadWriteLock$WriteLock (java.base@17.0.9)
1000:             1             16  java.util.function.Function$$Lambda$60/0x00007f1c1002d098 (java.base@17.0.9)
1001:             1             16  java.util.jar.Attributes (java.base@17.0.9)
1002:             1             16  java.util.jar.JavaUtilJarAccessImpl (java.base@17.0.9)
1003:             1             16  java.util.logging.ErrorManager (java.logging@17.0.9)
1004:             1             16  java.util.logging.Level$$Lambda$41/0x80000004f (java.logging@17.0.9)
1005:             1             16  java.util.logging.Level$KnownLevel$$Lambda$39/0x80000004d (java.logging@17.0.9)
1006:             1             16  java.util.logging.Level$KnownLevel$$Lambda$40/0x80000004e (java.logging@17.0.9)
1007:             1             16  java.util.logging.Level$KnownLevel$$Lambda$42/0x800000050 (java.logging@17.0.9)
1008:             1             16  java.util.logging.LogManager$LoggingProviderAccess (java.logging@17.0.9)
1009:             1             16  java.util.logging.LogManager$VisitedLoggers (java.logging@17.0.9)
1010:             1             16  java.util.logging.Logging (java.logging@17.0.9)
1011:             1             16  java.util.logging.SimpleFormatter (java.logging@17.0.9)
1012:             1             16  java.util.logging.SimpleFormatter$$Lambda$93/0x00007f1c100144d0 (java.logging@17.0.9)
1013:             1             16  java.util.regex.CharPredicates$$Lambda$16/0x00007f1c1004d530 (java.base@17.0.9)
1014:             1             16  java.util.regex.CharPredicates$$Lambda$18/0x00007f1c1004dbe8 (java.base@17.0.9)
1015:             1             16  java.util.regex.CharPredicates$$Lambda$20/0x800000029 (java.base@17.0.9)
1016:             1             16  java.util.regex.CharPredicates$$Lambda$47/0x800000055 (java.base@17.0.9)
1017:             1             16  java.util.regex.Pattern$$Lambda$17/0x00007f1c1004d988 (java.base@17.0.9)
1018:             1             16  java.util.regex.Pattern$$Lambda$31/0x00007f1c10050788 (java.base@17.0.9)
1019:             1             16  java.util.regex.Pattern$Begin (java.base@17.0.9)
1020:             1             16  java.util.regex.Pattern$LastNode (java.base@17.0.9)
1021:             1             16  java.util.regex.Pattern$Node (java.base@17.0.9)
1022:             1             16  java.util.stream.Collectors$$Lambda$44/0x800000052 (java.base@17.0.9)
1023:             1             16  java.util.stream.Collectors$$Lambda$45/0x800000053 (java.base@17.0.9)
1024:             1             16  java.util.stream.Collectors$$Lambda$46/0x800000054 (java.base@17.0.9)
1025:             1             16  java.util.stream.Collectors$$Lambda$5/0x800000010 (java.base@17.0.9)
1026:             1             16  java.util.stream.Collectors$$Lambda$6/0x800000011 (java.base@17.0.9)
1027:             1             16  java.util.stream.Collectors$$Lambda$61/0x00007f1c1002d2d8 (java.base@17.0.9)
1028:             1             16  java.util.stream.Collectors$$Lambda$63/0x00007f1c1002d730 (java.base@17.0.9)
1029:             1             16  java.util.stream.Collectors$$Lambda$7/0x800000016 (java.base@17.0.9)
1030:             1             16  java.util.stream.Collectors$$Lambda$75/0x00007f1c1003c020 (java.base@17.0.9)
1031:             1             16  java.util.stream.Collectors$$Lambda$76/0x00007f1c1003c240 (java.base@17.0.9)
1032:             1             16  java.util.stream.Collectors$$Lambda$77/0x00007f1c1003c470 (java.base@17.0.9)
1033:             1             16  java.util.stream.Collectors$$Lambda$8/0x800000017 (java.base@17.0.9)
1034:             1             16  java.util.stream.FindOps$FindSink$OfInt$$Lambda$60/0x800000062 (java.base@17.0.9)
1035:             1             16  java.util.stream.FindOps$FindSink$OfInt$$Lambda$61/0x800000063 (java.base@17.0.9)
1036:             1             16  java.util.stream.FindOps$FindSink$OfInt$$Lambda$62/0x800000064 (java.base@17.0.9)
1037:             1             16  java.util.stream.FindOps$FindSink$OfInt$$Lambda$63/0x800000065 (java.base@17.0.9)
1038:             1             16  java.util.stream.FindOps$FindSink$OfRef$$Lambda$11/0x80000001a (java.base@17.0.9)
1039:             1             16  java.util.stream.FindOps$FindSink$OfRef$$Lambda$12/0x80000001b (java.base@17.0.9)
1040:             1             16  java.util.stream.FindOps$FindSink$OfRef$$Lambda$13/0x80000001c (java.base@17.0.9)
1041:             1             16  java.util.stream.FindOps$FindSink$OfRef$$Lambda$14/0x80000001d (java.base@17.0.9)
1042:             1             16  java.util.stream.Nodes$EmptyNode$OfDouble (java.base@17.0.9)
1043:             1             16  java.util.stream.Nodes$EmptyNode$OfInt (java.base@17.0.9)
1044:             1             16  java.util.stream.Nodes$EmptyNode$OfLong (java.base@17.0.9)
1045:             1             16  java.util.stream.Nodes$EmptyNode$OfRef (java.base@17.0.9)
1046:             1             16  java.util.stream.ReferencePipeline$$Lambda$139/0x00007f1c100bf050 (java.base@17.0.9)
1047:             1             16  java.util.zip.ZipFile$1 (java.base@17.0.9)
1048:             1             16  javax.management.JMX (java.management@17.0.9)
1049:             1             16  javax.management.MBeanServerBuilder (java.management@17.0.9)
1050:             1             16  javax.management.NotificationBroadcasterSupport$1 (java.management@17.0.9)
1051:             1             16  javax.management.remote.JMXConnectorServerFactory$$Lambda$84/0x00007f1c100193c0 (java.management@17.0.9)
1052:             1             16  javax.management.remote.rmi.RMIConnectionImpl_Stub (java.management.rmi@17.0.9)
1053:             1             16  javax.management.remote.rmi.RMIServerImpl_Stub (java.management.rmi@17.0.9)
1054:             1             16  jdk.internal.jimage.ImageReaderFactory$1 (java.base@17.0.9)
1055:             1             16  jdk.internal.jimage.ImageStringsReader (java.base@17.0.9)
1056:             1             16  jdk.internal.jimage.decompressor.Decompressor (java.base@17.0.9)
1057:             1             16  jdk.internal.logger.LazyLoggers$1 (java.base@17.0.9)
1058:             1             16  jdk.internal.logger.LazyLoggers$LazyLoggerFactories (java.base@17.0.9)
1059:             1             16  jdk.internal.math.FloatingDecimal$1 (java.base@17.0.9)
1060:             1             16  jdk.internal.misc.ScopedMemoryAccess (java.base@17.0.9)
1061:             1             16  jdk.internal.misc.TerminatingThreadLocal$1 (java.base@17.0.9)
1062:             1             16  jdk.internal.misc.Unsafe (java.base@17.0.9)
1063:             1             16  jdk.internal.module.ArchivedBootLayer (java.base@17.0.9)
1064:             1             16  jdk.internal.module.DefaultRoots$$Lambda$1/0x800000002 (java.base@17.0.9)
1065:             1             16  jdk.internal.module.DefaultRoots$$Lambda$16/0x80000001f (java.base@17.0.9)
1066:             1             16  jdk.internal.module.DefaultRoots$$Lambda$2/0x800000004 (java.base@17.0.9)
1067:             1             16  jdk.internal.module.DefaultRoots$$Lambda$4/0x800000007 (java.base@17.0.9)
1068:             1             16  jdk.internal.module.ModuleLoaderMap$Mapper (java.base@17.0.9)
1069:             1             16  jdk.internal.module.ModulePatcher (java.base@17.0.9)
1070:             1             16  jdk.internal.perf.Perf (java.base@17.0.9)
1071:             1             16  jdk.internal.platform.CgroupMetrics (java.base@17.0.9)
1072:             1             16  jdk.internal.platform.CgroupSubsystemFactory$$Lambda$49/0x00007f1c10025658 (java.base@17.0.9)
1073:             1             16  jdk.internal.platform.cgroupv2.CgroupV2Subsystem (java.base@17.0.9)
1074:             1             16  jdk.internal.platform.cgroupv2.CgroupV2Subsystem$$Lambda$132/0x00007f1c100b81f0 (java.base@17.0.9)
1075:             1             16  jdk.internal.platform.cgroupv2.CgroupV2SubsystemController (java.base@17.0.9)
1076:             1             16  jdk.internal.reflect.GeneratedConstructorAccessor1 (java.base@17.0.9)
1077:             1             16  jdk.internal.reflect.GeneratedConstructorAccessor2 (java.base@17.0.9)
1078:             1             16  jdk.internal.reflect.GeneratedMethodAccessor1 (java.base@17.0.9)
1079:             1             16  jdk.internal.reflect.GeneratedMethodAccessor10 (java.base@17.0.9)
1080:             1             16  jdk.internal.reflect.GeneratedMethodAccessor11 (java.base@17.0.9)
1081:             1             16  jdk.internal.reflect.GeneratedMethodAccessor12 (java.base@17.0.9)
1082:             1             16  jdk.internal.reflect.GeneratedMethodAccessor13 (java.base@17.0.9)
1083:             1             16  jdk.internal.reflect.GeneratedMethodAccessor14 (java.base@17.0.9)
1084:             1             16  jdk.internal.reflect.GeneratedMethodAccessor15 (java.base@17.0.9)
1085:             1             16  jdk.internal.reflect.GeneratedMethodAccessor16 (java.base@17.0.9)
1086:             1             16  jdk.internal.reflect.GeneratedMethodAccessor17 (java.base@17.0.9)
1087:             1             16  jdk.internal.reflect.GeneratedMethodAccessor18 (java.base@17.0.9)
1088:             1             16  jdk.internal.reflect.GeneratedMethodAccessor19 (java.base@17.0.9)
1089:             1             16  jdk.internal.reflect.GeneratedMethodAccessor2 (java.base@17.0.9)
1090:             1             16  jdk.internal.reflect.GeneratedMethodAccessor20 (java.base@17.0.9)
1091:             1             16  jdk.internal.reflect.GeneratedMethodAccessor21 (java.base@17.0.9)
1092:             1             16  jdk.internal.reflect.GeneratedMethodAccessor22 (java.base@17.0.9)
1093:             1             16  jdk.internal.reflect.GeneratedMethodAccessor23 (java.base@17.0.9)
1094:             1             16  jdk.internal.reflect.GeneratedMethodAccessor24 (java.base@17.0.9)
1095:             1             16  jdk.internal.reflect.GeneratedMethodAccessor25 (java.base@17.0.9)
1096:             1             16  jdk.internal.reflect.GeneratedMethodAccessor26 (java.base@17.0.9)
1097:             1             16  jdk.internal.reflect.GeneratedMethodAccessor27 (java.base@17.0.9)
1098:             1             16  jdk.internal.reflect.GeneratedMethodAccessor28 (java.base@17.0.9)
1099:             1             16  jdk.internal.reflect.GeneratedMethodAccessor29 (java.base@17.0.9)
1100:             1             16  jdk.internal.reflect.GeneratedMethodAccessor3 (java.base@17.0.9)
1101:             1             16  jdk.internal.reflect.GeneratedMethodAccessor30 (java.base@17.0.9)
1102:             1             16  jdk.internal.reflect.GeneratedMethodAccessor31 (java.base@17.0.9)
1103:             1             16  jdk.internal.reflect.GeneratedMethodAccessor32 (java.base@17.0.9)
1104:             1             16  jdk.internal.reflect.GeneratedMethodAccessor33 (java.base@17.0.9)
1105:             1             16  jdk.internal.reflect.GeneratedMethodAccessor34 (java.base@17.0.9)
1106:             1             16  jdk.internal.reflect.GeneratedMethodAccessor35 (java.base@17.0.9)
1107:             1             16  jdk.internal.reflect.GeneratedMethodAccessor36 (java.base@17.0.9)
1108:             1             16  jdk.internal.reflect.GeneratedMethodAccessor37 (java.base@17.0.9)
1109:             1             16  jdk.internal.reflect.GeneratedMethodAccessor38 (java.base@17.0.9)
1110:             1             16  jdk.internal.reflect.GeneratedMethodAccessor39 (java.base@17.0.9)
1111:             1             16  jdk.internal.reflect.GeneratedMethodAccessor4 (java.base@17.0.9)
1112:             1             16  jdk.internal.reflect.GeneratedMethodAccessor40 (java.base@17.0.9)
1113:             1             16  jdk.internal.reflect.GeneratedMethodAccessor41 (java.base@17.0.9)
1114:             1             16  jdk.internal.reflect.GeneratedMethodAccessor42 (java.base@17.0.9)
1115:             1             16  jdk.internal.reflect.GeneratedMethodAccessor43 (java.base@17.0.9)
1116:             1             16  jdk.internal.reflect.GeneratedMethodAccessor44 (java.base@17.0.9)
1117:             1             16  jdk.internal.reflect.GeneratedMethodAccessor45 (java.base@17.0.9)
1118:             1             16  jdk.internal.reflect.GeneratedMethodAccessor46 (java.base@17.0.9)
1119:             1             16  jdk.internal.reflect.GeneratedMethodAccessor47 (java.base@17.0.9)
1120:             1             16  jdk.internal.reflect.GeneratedMethodAccessor48 (java.base@17.0.9)
1121:             1             16  jdk.internal.reflect.GeneratedMethodAccessor49 (java.base@17.0.9)
1122:             1             16  jdk.internal.reflect.GeneratedMethodAccessor5
1123:             1             16  jdk.internal.reflect.GeneratedMethodAccessor50 (java.base@17.0.9)
1124:             1             16  jdk.internal.reflect.GeneratedMethodAccessor51 (java.base@17.0.9)
1125:             1             16  jdk.internal.reflect.GeneratedMethodAccessor52 (java.base@17.0.9)
1126:             1             16  jdk.internal.reflect.GeneratedMethodAccessor53 (java.base@17.0.9)
1127:             1             16  jdk.internal.reflect.GeneratedMethodAccessor54 (java.base@17.0.9)
1128:             1             16  jdk.internal.reflect.GeneratedMethodAccessor55 (java.base@17.0.9)
1129:             1             16  jdk.internal.reflect.GeneratedMethodAccessor56 (java.base@17.0.9)
1130:             1             16  jdk.internal.reflect.GeneratedMethodAccessor57 (java.base@17.0.9)
1131:             1             16  jdk.internal.reflect.GeneratedMethodAccessor58 (java.base@17.0.9)
1132:             1             16  jdk.internal.reflect.GeneratedMethodAccessor59 (java.base@17.0.9)
1133:             1             16  jdk.internal.reflect.GeneratedMethodAccessor6 (java.base@17.0.9)
1134:             1             16  jdk.internal.reflect.GeneratedMethodAccessor60 (java.base@17.0.9)
1135:             1             16  jdk.internal.reflect.GeneratedMethodAccessor61 (java.base@17.0.9)
1136:             1             16  jdk.internal.reflect.GeneratedMethodAccessor62 (java.base@17.0.9)
1137:             1             16  jdk.internal.reflect.GeneratedMethodAccessor63 (java.base@17.0.9)
1138:             1             16  jdk.internal.reflect.GeneratedMethodAccessor64 (java.base@17.0.9)
1139:             1             16  jdk.internal.reflect.GeneratedMethodAccessor65 (java.base@17.0.9)
1140:             1             16  jdk.internal.reflect.GeneratedMethodAccessor66 (java.base@17.0.9)
1141:             1             16  jdk.internal.reflect.GeneratedMethodAccessor67 (java.base@17.0.9)
1142:             1             16  jdk.internal.reflect.GeneratedMethodAccessor68 (java.base@17.0.9)
1143:             1             16  jdk.internal.reflect.GeneratedMethodAccessor69 (java.base@17.0.9)
1144:             1             16  jdk.internal.reflect.GeneratedMethodAccessor7 (java.base@17.0.9)
1145:             1             16  jdk.internal.reflect.GeneratedMethodAccessor70 (java.base@17.0.9)
1146:             1             16  jdk.internal.reflect.GeneratedMethodAccessor71 (java.base@17.0.9)
1147:             1             16  jdk.internal.reflect.GeneratedMethodAccessor72 (java.base@17.0.9)
1148:             1             16  jdk.internal.reflect.GeneratedMethodAccessor73 (java.base@17.0.9)
1149:             1             16  jdk.internal.reflect.GeneratedMethodAccessor74 (java.base@17.0.9)
1150:             1             16  jdk.internal.reflect.GeneratedMethodAccessor75 (java.base@17.0.9)
1151:             1             16  jdk.internal.reflect.GeneratedMethodAccessor76 (java.base@17.0.9)
1152:             1             16  jdk.internal.reflect.GeneratedMethodAccessor77 (java.base@17.0.9)
1153:             1             16  jdk.internal.reflect.GeneratedMethodAccessor8 (java.base@17.0.9)
1154:             1             16  jdk.internal.reflect.GeneratedMethodAccessor9 (java.base@17.0.9)
1155:             1             16  jdk.internal.reflect.GeneratedSerializationConstructorAccessor1 (java.base@17.0.9)
1156:             1             16  jdk.internal.reflect.GeneratedSerializationConstructorAccessor10 (java.base@17.0.9)
1157:             1             16  jdk.internal.reflect.GeneratedSerializationConstructorAccessor11 (java.base@17.0.9)
1158:             1             16  jdk.internal.reflect.GeneratedSerializationConstructorAccessor12 (java.base@17.0.9)
1159:             1             16  jdk.internal.reflect.GeneratedSerializationConstructorAccessor13 (java.base@17.0.9)
1160:             1             16  jdk.internal.reflect.GeneratedSerializationConstructorAccessor14 (java.base@17.0.9)
1161:             1             16  jdk.internal.reflect.GeneratedSerializationConstructorAccessor15 (java.base@17.0.9)
1162:             1             16  jdk.internal.reflect.GeneratedSerializationConstructorAccessor16 (java.base@17.0.9)
1163:             1             16  jdk.internal.reflect.GeneratedSerializationConstructorAccessor17 (java.base@17.0.9)
1164:             1             16  jdk.internal.reflect.GeneratedSerializationConstructorAccessor18 (java.base@17.0.9)
1165:             1             16  jdk.internal.reflect.GeneratedSerializationConstructorAccessor19 (java.base@17.0.9)
1166:             1             16  jdk.internal.reflect.GeneratedSerializationConstructorAccessor2 (java.base@17.0.9)
1167:             1             16  jdk.internal.reflect.GeneratedSerializationConstructorAccessor20 (java.base@17.0.9)
1168:             1             16  jdk.internal.reflect.GeneratedSerializationConstructorAccessor21 (java.base@17.0.9)
1169:             1             16  jdk.internal.reflect.GeneratedSerializationConstructorAccessor22 (java.base@17.0.9)
1170:             1             16  jdk.internal.reflect.GeneratedSerializationConstructorAccessor23 (java.base@17.0.9)
1171:             1             16  jdk.internal.reflect.GeneratedSerializationConstructorAccessor24 (java.base@17.0.9)
1172:             1             16  jdk.internal.reflect.GeneratedSerializationConstructorAccessor25 (java.base@17.0.9)
1173:             1             16  jdk.internal.reflect.GeneratedSerializationConstructorAccessor26 (java.base@17.0.9)
1174:             1             16  jdk.internal.reflect.GeneratedSerializationConstructorAccessor27 (java.base@17.0.9)
1175:             1             16  jdk.internal.reflect.GeneratedSerializationConstructorAccessor28 (java.base@17.0.9)
1176:             1             16  jdk.internal.reflect.GeneratedSerializationConstructorAccessor29 (java.base@17.0.9)
1177:             1             16  jdk.internal.reflect.GeneratedSerializationConstructorAccessor3 (java.base@17.0.9)
1178:             1             16  jdk.internal.reflect.GeneratedSerializationConstructorAccessor30 (java.base@17.0.9)
1179:             1             16  jdk.internal.reflect.GeneratedSerializationConstructorAccessor31 (java.base@17.0.9)
1180:             1             16  jdk.internal.reflect.GeneratedSerializationConstructorAccessor32 (java.base@17.0.9)
1181:             1             16  jdk.internal.reflect.GeneratedSerializationConstructorAccessor33 (java.base@17.0.9)
1182:             1             16  jdk.internal.reflect.GeneratedSerializationConstructorAccessor34 (java.base@17.0.9)
1183:             1             16  jdk.internal.reflect.GeneratedSerializationConstructorAccessor35 (java.base@17.0.9)
1184:             1             16  jdk.internal.reflect.GeneratedSerializationConstructorAccessor36 (java.base@17.0.9)
1185:             1             16  jdk.internal.reflect.GeneratedSerializationConstructorAccessor37 (java.base@17.0.9)
1186:             1             16  jdk.internal.reflect.GeneratedSerializationConstructorAccessor38 (java.base@17.0.9)
1187:             1             16  jdk.internal.reflect.GeneratedSerializationConstructorAccessor39 (java.base@17.0.9)
1188:             1             16  jdk.internal.reflect.GeneratedSerializationConstructorAccessor4 (java.base@17.0.9)
1189:             1             16  jdk.internal.reflect.GeneratedSerializationConstructorAccessor5 (java.base@17.0.9)
1190:             1             16  jdk.internal.reflect.GeneratedSerializationConstructorAccessor6 (java.base@17.0.9)
1191:             1             16  jdk.internal.reflect.GeneratedSerializationConstructorAccessor7 (java.base@17.0.9)
1192:             1             16  jdk.internal.reflect.GeneratedSerializationConstructorAccessor8 (java.base@17.0.9)
1193:             1             16  jdk.internal.reflect.GeneratedSerializationConstructorAccessor9 (java.base@17.0.9)
1194:             1             16  jdk.internal.reflect.ReflectionFactory (java.base@17.0.9)
1195:             1             16  jdk.jfr.FlightRecorderPermission$InternalAccess (jdk.jfr@17.0.9)
1196:             1             16  jdk.jfr.internal.JVM (jdk.jfr@17.0.9)
1197:             1             16  jdk.jfr.internal.JVM$ChunkRotationMonitor (jdk.jfr@17.0.9)
1198:             1             16  jdk.jfr.internal.SecuritySupport$Privileged (jdk.jfr@17.0.9)
1199:             1             16  jdk.jfr.internal.consumer.FileAccess$UnPrivileged (jdk.jfr@17.0.9)
1200:             1             16  jdk.jfr.internal.dcmd.DCmdCheck$$Lambda$73/0x00007f1c100381a0 (jdk.jfr@17.0.9)
1201:             1             16  jdk.jfr.internal.dcmd.DCmdDump$$Lambda$72/0x00007f1c10037f80 (jdk.jfr@17.0.9)
1202:             1             16  jdk.jfr.internal.dcmd.DCmdStart$$Lambda$71/0x00007f1c10037d60 (jdk.jfr@17.0.9)
1203:             1             16  jdk.jfr.internal.dcmd.DCmdStop$$Lambda$70/0x00007f1c10035350 (jdk.jfr@17.0.9)
1204:             1             16  jdk.management.jfr.SettingDescriptorInfo$1 (jdk.management.jfr@17.0.9)
1205:             1             16  jdk.net.LinuxSocketOptions (jdk.net@17.0.9)
1206:             1             16  ru.job4j.tracker.ConsoleInput
1207:             1             16  ru.job4j.tracker.ConsoleOutput
1208:             1             16  ru.job4j.tracker.CreateAction
1209:             1             16  ru.job4j.tracker.CreateManyItems
1210:             1             16  ru.job4j.tracker.DeleteAction
1211:             1             16  ru.job4j.tracker.DeleteAllItems
1212:             1             16  ru.job4j.tracker.DeleteAllItems$$Lambda$138/0x00007f1c10004fb8
1213:             1             16  ru.job4j.tracker.EditAction
1214:             1             16  ru.job4j.tracker.ExitAction
1215:             1             16  ru.job4j.tracker.FindByIdAction
1216:             1             16  ru.job4j.tracker.FindByNameAction
1217:             1             16  ru.job4j.tracker.ShowAllAction
1218:             1             16  ru.job4j.tracker.StartUI
1219:             1             16  sun.management.ClassLoadingImpl (java.management@17.0.9)
1220:             1             16  sun.management.ManagementFactoryHelper$$Lambda$133/0x00007f1c100b8860 (java.management@17.0.9)
1221:             1             16  sun.management.ManagementFactoryHelper$$Lambda$134/0x00007f1c100b8aa0 (java.management@17.0.9)
1222:             1             16  sun.management.ManagementFactoryHelper$$Lambda$74/0x00007f1c1003bde0 (java.management@17.0.9)
1223:             1             16  sun.management.jmxremote.ConnectorBootstrap$PermanentExporter (jdk.management.agent@17.0.9)
1224:             1             16  sun.management.jmxremote.LocalRMIServerSocketFactory (jdk.management.agent@17.0.9)
1225:             1             16  sun.net.spi.DefaultProxySelector (java.base@17.0.9)
1226:             1             16  sun.net.www.protocol.file.Handler (java.base@17.0.9)
1227:             1             16  sun.net.www.protocol.jar.Handler (java.base@17.0.9)
1228:             1             16  sun.net.www.protocol.jrt.Handler (java.base@17.0.9)
1229:             1             16  sun.nio.ch.ExtendedSocketOption$1 (java.base@17.0.9)
1230:             1             16  sun.nio.ch.FileChannelImpl$1 (java.base@17.0.9)
1231:             1             16  sun.nio.ch.FileChannelImpl$2 (java.base@17.0.9)
1232:             1             16  sun.nio.ch.Net$1 (java.base@17.0.9)
1233:             1             16  sun.nio.ch.SocketDispatcher (java.base@17.0.9)
1234:             1             16  sun.nio.ch.Util$1 (java.base@17.0.9)
1235:             1             16  sun.nio.fs.LinuxFileSystemProvider (java.base@17.0.9)
1236:             1             16  sun.nio.fs.NativeBuffers$1 (java.base@17.0.9)
1237:             1             16  sun.reflect.generics.tree.BottomSignature (java.base@17.0.9)
1238:             1             16  sun.reflect.generics.tree.LongSignature (java.base@17.0.9)
1239:             1             16  sun.reflect.generics.tree.TypeVariableSignature (java.base@17.0.9)
1240:             1             16  sun.reflect.generics.tree.VoidDescriptor (java.base@17.0.9)
1241:             1             16  sun.rmi.runtime.Log$$Lambda$92/0x00007f1c1001f048 (java.rmi@17.0.9)
1242:             1             16  sun.rmi.runtime.Log$LoggerLogFactory (java.rmi@17.0.9)
1243:             1             16  sun.rmi.runtime.RuntimeUtil (java.rmi@17.0.9)
1244:             1             16  sun.rmi.runtime.RuntimeUtil$$Lambda$113/0x00007f1c10091300 (java.rmi@17.0.9)
1245:             1             16  sun.rmi.server.LoaderHandler$$Lambda$125/0x00007f1c100a31b8 (java.rmi@17.0.9)
1246:             1             16  sun.rmi.server.LoaderHandler$$Lambda$126/0x00007f1c100a33d8 (java.rmi@17.0.9)
1247:             1             16  sun.rmi.server.MarshalInputStream$$Lambda$122/0x00007f1c100a06a0 (java.rmi@17.0.9)
1248:             1             16  sun.rmi.server.UnicastRef (java.rmi@17.0.9)
1249:             1             16  sun.rmi.server.UnicastRef$$Lambda$95/0x00007f1c100151b8 (java.rmi@17.0.9)
1250:             1             16  sun.rmi.server.UnicastServerRef$$Lambda$96/0x00007f1c100153d8 (java.rmi@17.0.9)
1251:             1             16  sun.rmi.server.UnicastServerRef$$Lambda$97/0x00007f1c100155f8 (java.rmi@17.0.9)
1252:             1             16  sun.rmi.server.UnicastServerRef$$Lambda$98/0x00007f1c10015818 (java.rmi@17.0.9)
1253:             1             16  sun.rmi.server.UnicastServerRef$HashToMethod_Maps (java.rmi@17.0.9)
1254:             1             16  sun.rmi.server.Util$$Lambda$91/0x00007f1c1001e3f8 (java.rmi@17.0.9)
1255:             1             16  sun.rmi.server.Util$$Lambda$94/0x00007f1c10014f98 (java.rmi@17.0.9)
1256:             1             16  sun.rmi.transport.DGCAckHandler$$Lambda$127/0x00007f1c100ad0e8 (java.rmi@17.0.9)
1257:             1             16  sun.rmi.transport.DGCImpl$$Lambda$110/0x00007f1c10090860 (java.rmi@17.0.9)
1258:             1             16  sun.rmi.transport.DGCImpl$$Lambda$111/0x00007f1c10090a80 (java.rmi@17.0.9)
1259:             1             16  sun.rmi.transport.DGCImpl$$Lambda$112/0x00007f1c10090ca0 (java.rmi@17.0.9)
1260:             1             16  sun.rmi.transport.DGCImpl$$Lambda$114/0x00007f1c10093568 (java.rmi@17.0.9)
1261:             1             16  sun.rmi.transport.DGCImpl$1 (java.rmi@17.0.9)
1262:             1             16  sun.rmi.transport.DGCImpl$2$$Lambda$115/0x00007f1c10093bb8 (java.rmi@17.0.9)
1263:             1             16  sun.rmi.transport.DGCImpl_Skel (java.rmi@17.0.9)
1264:             1             16  sun.rmi.transport.DGCImpl_Stub (java.rmi@17.0.9)
1265:             1             16  sun.rmi.transport.ObjectTable$$Lambda$109/0x00007f1c10090210 (java.rmi@17.0.9)
1266:             1             16  sun.rmi.transport.Transport$$Lambda$104/0x00007f1c1008b258 (java.rmi@17.0.9)
1267:             1             16  sun.rmi.transport.tcp.TCPChannel$$Lambda$117/0x00007f1c1009e550 (java.rmi@17.0.9)
1268:             1             16  sun.rmi.transport.tcp.TCPChannel$$Lambda$118/0x00007f1c1009e770 (java.rmi@17.0.9)
1269:             1             16  sun.rmi.transport.tcp.TCPChannel$$Lambda$119/0x00007f1c1009e990 (java.rmi@17.0.9)
1270:             1             16  sun.rmi.transport.tcp.TCPDirectSocketFactory (java.rmi@17.0.9)
1271:             1             16  sun.rmi.transport.tcp.TCPEndpoint$$Lambda$102/0x00007f1c1008a768 (java.rmi@17.0.9)
1272:             1             16  sun.rmi.transport.tcp.TCPTransport$$Lambda$105/0x00007f1c1008b478 (java.rmi@17.0.9)
1273:             1             16  sun.rmi.transport.tcp.TCPTransport$$Lambda$106/0x00007f1c1008b698 (java.rmi@17.0.9)
1274:             1             16  sun.rmi.transport.tcp.TCPTransport$$Lambda$107/0x00007f1c1008b8b8 (java.rmi@17.0.9)
1275:             1             16  sun.rmi.transport.tcp.TCPTransport$$Lambda$108/0x00007f1c1008e3f8 (java.rmi@17.0.9)
1276:             1             16  sun.rmi.transport.tcp.TCPTransport$1 (java.rmi@17.0.9)
1277:             1             16  sun.security.provider.NativePRNG (java.base@17.0.9)
1278:             1             16  sun.util.calendar.Gregorian (java.base@17.0.9)
1279:             1             16  sun.util.cldr.CLDRBaseLocaleDataMetaInfo (java.base@17.0.9)
1280:             1             16  sun.util.cldr.CLDRLocaleProviderAdapter$$Lambda$51/0x800000059 (java.base@17.0.9)
1281:             1             16  sun.util.locale.InternalLocaleBuilder$CaseInsensitiveChar (java.base@17.0.9)
1282:             1             16  sun.util.locale.provider.TimeZoneNameUtility$TimeZoneNameGetter (java.base@17.0.9)
1283:             1             16  sun.util.logging.internal.LoggingProviderImpl (java.logging@17.0.9)
1284:             1             16  sun.util.resources.LocaleData$LocaleDataStrategy (java.base@17.0.9)
1285:             1             16  sun.util.resources.cldr.provider.CLDRLocaleDataMetaInfo (jdk.localedata@17.0.9)
Total        113275       12276800

// ??????? ?????????? ? ????????? ?????? ?????????
S0C - ?????? ??????? Survivor0 ? KB
S1C - ?????? ??????? Survivor1 ? KB
S0U - ?????????? ???????????? ?????? ??????? Survivor0 ? KB
S1U - ?????????? ???????????? ?????? ??????? Survivor0 ? KB
EC - ?????? ??????? Eden ? KB
EU - ?????????? ???????????? ?????? ??????? Eden ? KB
OC - ?????? ??????? Old Gen ? KB
OU - ?????????? ???????????? ?????? ??????? Old Gen ? KB
MC - ?????? ??????? Metaspace ? KB
MU - ?????????? ???????????? ?????? ??????? Metaspace ? KB
CCSC - ?????? ??????? Compressed Class ? KB
CCSU - ?????????? ???????????? ?????? ??????? Compressed Class ? KB
YGC - ?????????? ?????? ?????? ? ??????? Young Generation
YGCT - ????? ??????????? ?? ?????? ?????? ? ??????? Young Generation
FGC - ?????????? ?????? ?????? ??????
FGCT - ????? ??????????? ?? ?????? ?????? ??????
andrey@andrey-H81H3-M3:~/projects/job4j_tracker$ jstat -gc 9149 1s 10
S0C         S1C         S0U         S1U          EC           EU           OC           OU          MC         MU       CCSC      CCSU     YGC     YGCT     FGC    FGCT     CGC    CGCT       GCT   
0,0      2048,0         0,0       188,1     116736,0       4096,0      75776,0       5657,0     7872,0     7552,8     960,0     806,7      3     0,015     0     0,000     0     0,000     0,015
0,0      2048,0         0,0       188,1     116736,0       4096,0      75776,0       5657,0     7872,0     7552,8     960,0     806,7      3     0,015     0     0,000     0     0,000     0,015
0,0      2048,0         0,0       188,1     116736,0       4096,0      75776,0       5657,0     7872,0     7552,8     960,0     806,7      3     0,015     0     0,000     0     0,000     0,015
0,0      2048,0         0,0       188,1     116736,0       4096,0      75776,0       5657,0     7872,0     7552,8     960,0     806,7      3     0,015     0     0,000     0     0,000     0,015
0,0      2048,0         0,0       188,1     116736,0       4096,0      75776,0       5657,0     7872,0     7552,8     960,0     806,7      3     0,015     0     0,000     0     0,000     0,015
0,0      2048,0         0,0       188,1     116736,0       4096,0      75776,0       5657,0     7872,0     7552,8     960,0     806,7      3     0,015     0     0,000     0     0,000     0,015
0,0      2048,0         0,0       188,1     116736,0       4096,0      75776,0       5657,0     7872,0     7552,8     960,0     806,7      3     0,015     0     0,000     0     0,000     0,015
0,0      2048,0         0,0       188,1     116736,0       4096,0      75776,0       5657,0     7872,0     7552,8     960,0     806,7      3     0,015     0     0,000     0     0,000     0,015
0,0      2048,0         0,0       188,1     116736,0       4096,0      75776,0       5657,0     7872,0     7552,8     960,0     806,7      3     0,015     0     0,000     0     0,000     0,015
0,0      2048,0         0,0       188,1     116736,0       4096,0      75776,0       5657,0     7872,0     7552,8     960,0     806,7      3     0,015     0     0,000     0     0,000     0,015
andrey@andrey-H81H3-M3:~/projects/job4j_tracker$ 
